C:\Users\nxa16972\Documents\MCUXpressoIDE_24.12.148\workspace\frdmrw612_SmartLock_TCPandServo\drivers/fsl_memory.h:59:24:MEMORY_ConvertMemoryMapAddress	24	static
../usb/host/usb_host_ehci.c:1020:17:USB_HostBandwidthComputeTime	24	static
../usb/host/usb_host_ehci.c:1083:13:USB_HostBandwidthFslsHostComputeCurrent	32	static
../usb/host/usb_host_ehci.c:1112:13:USB_HostBandwidthHsHostComputeCurrentFsls	40	static
../usb/host/usb_host_ehci.c:1185:13:USB_HostBandwidthHsHostComputeCurrentHsAll	40	static
../usb/host/usb_host_ehci.c:1281:21:USB_HostBandwidthHsHostAllocateHsCommon	48	static
../usb/host/usb_host_ehci.c:1568:21:USB_HostBandwidthHsHostAllocateInterrupt	64	static
../usb/host/usb_host_ehci.c:1740:21:USB_HostBandwidthFslsHostAllocate	40	static
../usb/host/usb_host_ehci.c:1791:16:USB_HostEhciGet2PowerValue	16	static
../usb/host/usb_host_ehci.c:1837:13:USB_HostEhciZeroMem	16	static
../usb/host/usb_host_ehci.c:1848:13:USB_HostEhciDelay	32	static
../usb/host/usb_host_ehci.c:1864:13:USB_HostEhciStartAsync	32	static
../usb/host/usb_host_ehci.c:1888:13:USB_HostEhciStopAsync	24	static
../usb/host/usb_host_ehci.c:1905:13:USB_HostEhciStartPeriodic	32	static
../usb/host/usb_host_ehci.c:1933:13:USB_HostEhciStopPeriodic	24	static
../usb/host/usb_host_ehci.c:1950:21:USB_HostEhciQhQtdListInit	64	static
../usb/host/usb_host_ehci.c:2231:17:USB_HostEhciQtdListRelease	32	static
../usb/host/usb_host_ehci.c:2283:21:USB_HostEhciQhQtdListDeinit	40	static
../usb/host/usb_host_ehci.c:2363:21:USB_HostEhciTransferQtdListDeinit	48	static
../usb/host/usb_host_ehci.c:2472:21:USB_HostEhciQhInit	48	static
../usb/host/usb_host_ehci.c:2577:21:USB_HostEhciQhDeinit	24	static
../usb/host/usb_host_ehci.c:2594:13:USB_HostEhciAddQhToFrame	40	static
../usb/host/usb_host_ehci.c:2656:13:USB_HostEhciRemoveFromFrame	40	static
../usb/host/usb_host_ehci.c:3364:21:USB_HostEhciOpenControlBulk	24	static
../usb/host/usb_host_ehci.c:3393:21:USB_HostEhciCloseControlBulk	32	static
../usb/host/usb_host_ehci.c:3460:21:USB_HostEhciOpenInterrupt	32	static
../usb/host/usb_host_ehci.c:3498:21:USB_HostEhciCloseInterrupt	24	static
../usb/host/usb_host_ehci.c:3591:21:USB_HostEhciResetIP	16	static
../usb/host/usb_host_ehci.c:3624:21:USB_HostEhciStartIP	24	static
../usb/host/usb_host_ehci.c:3682:21:USB_HostEhciCancelPipe	32	static
../usb/host/usb_host_ehci.c:3764:21:USB_HostEhciControlBus	24	static
../usb/host/usb_host_ehci.c:3927:13:USB_HostEhciTransferCallback	16	static
../usb/host/usb_host_ehci.c:3938:6:USB_HostEhciTransactionDone	56	static
../usb/host/usb_host_ehci.c:4221:13:USB_HostEhciPortChange	32	static
../usb/host/usb_host_ehci.c:4338:13:USB_HostEhciTimer0	56	static
../usb/host/usb_host_ehci.c:4738:14:USB_HostEhciCreate	64	static
../usb/host/usb_host_ehci.c:4971:14:USB_HostEhciDestory	24	static
../usb/host/usb_host_ehci.c:5006:14:USB_HostEhciOpenPipe	48	static
../usb/host/usb_host_ehci.c:5130:14:USB_HostEhciClosePipe	40	static
../usb/host/usb_host_ehci.c:5199:14:USB_HostEhciWritePipe	40	static
../usb/host/usb_host_ehci.c:5260:14:USB_HostEhciReadpipe	24	static
../usb/host/usb_host_ehci.c:5267:14:USB_HostEhciIoctl	56	static
../usb/host/usb_host_ehci.c:5356:6:USB_HostEhciTaskFunction	40	static
../usb/host/usb_host_ehci.c:5432:6:USB_HostEhciIsrFunction	24	static
