C:\Users\nxa16972\Documents\MCUXpressoIDE_24.12.148\workspace\frdmrw612_SmartLock_TCPandServo\CMSIS/core_cm33.h:2555:22:__NVIC_SetPriority	16	static
C:\Users\nxa16972\Documents\MCUXpressoIDE_24.12.148\workspace\frdmrw612_SmartLock_TCPandServo\drivers/fsl_common_arm.h:897:24:DisableGlobalIRQ	16	static
C:\Users\nxa16972\Documents\MCUXpressoIDE_24.12.148\workspace\frdmrw612_SmartLock_TCPandServo\drivers/fsl_common_arm.h:923:20:EnableGlobalIRQ	24	static
C:\Users\nxa16972\Documents\MCUXpressoIDE_24.12.148\workspace\frdmrw612_SmartLock_TCPandServo\drivers/fsl_gpio.h:153:20:GPIO_PinWrite	24	static
C:\Users\nxa16972\Documents\MCUXpressoIDE_24.12.148\workspace\frdmrw612_SmartLock_TCPandServo\drivers/fsl_gpio.h:172:24:GPIO_PinRead	24	static
../component/gpio/fsl_adapter_lpc_gpio.c:93:13:HAL_GpioInterruptCallback	16	static
../component/gpio/fsl_adapter_lpc_gpio.c:102:13:HAL_GpioInterruptHandle	24	static
../component/gpio/fsl_adapter_lpc_gpio.c:119:26:HAL_GpioConflictSearch	16	static
../component/gpio/fsl_adapter_lpc_gpio.c:132:26:HAL_GpioAddItem	24	static
../component/gpio/fsl_adapter_lpc_gpio.c:162:26:HAL_GpioRemoveItem	32	static
../component/gpio/fsl_adapter_lpc_gpio.c:193:6:HAL_GpioPreInit	4	static
../component/gpio/fsl_adapter_lpc_gpio.c:200:19:HAL_GpioInit	40	static
../component/gpio/fsl_adapter_lpc_gpio.c:265:19:HAL_GpioDeinit	32	static
../component/gpio/fsl_adapter_lpc_gpio.c:314:19:HAL_GpioGetInput	24	static
../component/gpio/fsl_adapter_lpc_gpio.c:326:19:HAL_GpioSetOutput	24	static
../component/gpio/fsl_adapter_lpc_gpio.c:338:19:HAL_GpioInstallCallback	32	static
../component/gpio/fsl_adapter_lpc_gpio.c:354:19:HAL_GpioGetTriggerMode	24	static
../component/gpio/fsl_adapter_lpc_gpio.c:371:19:HAL_GpioSetTriggerMode	32	static
../component/gpio/fsl_adapter_lpc_gpio.c:463:19:HAL_GpioWakeUpSetting	16	static
../component/gpio/fsl_adapter_lpc_gpio.c:498:19:HAL_GpioEnterLowpower	16	static
../component/gpio/fsl_adapter_lpc_gpio.c:505:19:HAL_GpioExitLowpower	16	static
