../startup/startup_rw612.c:546:6:data_init	4	static
../startup/startup_rw612.c:555:6:bss_init	0	static
../startup/startup_rw612.c:580:6:ResetISR	0	static
../startup/startup_rw612.c:653:14:NMI_Handler	0	static
../startup/startup_rw612.c:657:14:HardFault_Handler	0	static
../startup/startup_rw612.c:661:14:MemManage_Handler	0	static
../startup/startup_rw612.c:665:14:BusFault_Handler	0	static
../startup/startup_rw612.c:669:14:UsageFault_Handler	0	static
../startup/startup_rw612.c:673:14:SecureFault_Handler	0	static
../startup/startup_rw612.c:677:14:SVC_Handler	0	static
../startup/startup_rw612.c:681:14:DebugMon_Handler	0	static
../startup/startup_rw612.c:685:14:PendSV_Handler	0	static
../startup/startup_rw612.c:689:14:SysTick_Handler	0	static
../startup/startup_rw612.c:697:14:IntDefaultHandler	0	static
../startup/startup_rw612.c:707:11:WDT0_IRQHandler	8	static
../startup/startup_rw612.c:711:11:DMA0_IRQHandler	8	static
../startup/startup_rw612.c:715:11:GPIO_INTA_IRQHandler	8	static
../startup/startup_rw612.c:719:11:GPIO_INTB_IRQHandler	8	static
../startup/startup_rw612.c:723:11:PIN_INT0_IRQHandler	8	static
../startup/startup_rw612.c:727:11:PIN_INT1_IRQHandler	8	static
../startup/startup_rw612.c:731:11:PIN_INT2_IRQHandler	8	static
../startup/startup_rw612.c:735:11:PIN_INT3_IRQHandler	8	static
../startup/startup_rw612.c:739:11:UTICK_IRQHandler	8	static
../startup/startup_rw612.c:743:11:MRT_IRQHandler	8	static
../startup/startup_rw612.c:747:11:CTIMER0_IRQHandler	8	static
../startup/startup_rw612.c:751:11:CTIMER1_IRQHandler	8	static
../startup/startup_rw612.c:755:11:SCT0_IRQHandler	8	static
../startup/startup_rw612.c:759:11:CTIMER3_IRQHandler	8	static
../startup/startup_rw612.c:763:11:FLEXCOMM0_IRQHandler	8	static
../startup/startup_rw612.c:767:11:FLEXCOMM1_IRQHandler	8	static
../startup/startup_rw612.c:771:11:FLEXCOMM2_IRQHandler	8	static
../startup/startup_rw612.c:775:11:FLEXCOMM3_IRQHandler	8	static
../startup/startup_rw612.c:779:11:Reserved34_IRQHandler	8	static
../startup/startup_rw612.c:783:11:Reserved35_IRQHandler	8	static
../startup/startup_rw612.c:787:11:FLEXCOMM14_IRQHandler	8	static
../startup/startup_rw612.c:791:11:Reserved37_IRQHandler	8	static
../startup/startup_rw612.c:795:11:Reserved38_IRQHandler	8	static
../startup/startup_rw612.c:799:11:GFMRT_IRQHandler	8	static
../startup/startup_rw612.c:803:11:Reserved40_IRQHandler	8	static
../startup/startup_rw612.c:807:11:DMIC_IRQHandler	8	static
../startup/startup_rw612.c:811:11:WKDEEPSLEEP_IRQHandler	8	static
../startup/startup_rw612.c:815:11:HYPERVISOR_IRQHandler	8	static
../startup/startup_rw612.c:819:11:SECUREVIOLATION_IRQHandler	8	static
../startup/startup_rw612.c:823:11:HWVAD_IRQHandler	8	static
../startup/startup_rw612.c:827:11:Reserved46_IRQHandler	8	static
../startup/startup_rw612.c:831:11:Reserved47_IRQHandler	8	static
../startup/startup_rw612.c:835:11:RTC_IRQHandler	8	static
../startup/startup_rw612.c:839:11:Reserved49_IRQHandler	8	static
../startup/startup_rw612.c:843:11:Reserved50_IRQHandler	8	static
../startup/startup_rw612.c:847:11:PIN_INT4_IRQHandler	8	static
../startup/startup_rw612.c:851:11:PIN_INT5_IRQHandler	8	static
../startup/startup_rw612.c:855:11:PIN_INT6_IRQHandler	8	static
../startup/startup_rw612.c:859:11:PIN_INT7_IRQHandler	8	static
../startup/startup_rw612.c:863:11:CTIMER2_IRQHandler	8	static
../startup/startup_rw612.c:867:11:CTIMER4_IRQHandler	8	static
../startup/startup_rw612.c:871:11:OS_EVENT_TIMER_IRQHandler	8	static
../startup/startup_rw612.c:875:11:FLEXSPI_IRQHandler	8	static
../startup/startup_rw612.c:879:11:Reserved59_IRQHandler	8	static
../startup/startup_rw612.c:883:11:Reserved60_IRQHandler	8	static
../startup/startup_rw612.c:887:11:Reserved61_IRQHandler	8	static
../startup/startup_rw612.c:891:11:SDIO_IRQHandler	8	static
../startup/startup_rw612.c:895:11:SGPIO_INTA_IRQHandler	8	static
../startup/startup_rw612.c:899:11:SGPIO_INTB_IRQHandler	8	static
../startup/startup_rw612.c:903:11:Reserved65_IRQHandler	8	static
../startup/startup_rw612.c:907:11:USB_IRQHandler	8	static
../startup/startup_rw612.c:911:11:Reserved67_IRQHandler	8	static
../startup/startup_rw612.c:915:11:Reserved68_IRQHandler	8	static
../startup/startup_rw612.c:919:11:Reserved69_IRQHandler	8	static
../startup/startup_rw612.c:923:11:DMA1_IRQHandler	8	static
../startup/startup_rw612.c:927:11:PUF_IRQHandler	8	static
../startup/startup_rw612.c:931:11:POWERQUAD_IRQHandler	8	static
../startup/startup_rw612.c:935:11:Reserved73_IRQHandler	8	static
../startup/startup_rw612.c:939:11:Reserved74_IRQHandler	8	static
../startup/startup_rw612.c:943:11:Reserved75_IRQHandler	8	static
../startup/startup_rw612.c:947:11:Reserved76_IRQHandler	8	static
../startup/startup_rw612.c:951:11:LCD_IRQHandler	8	static
../startup/startup_rw612.c:955:11:CAPTIMER_IRQHandler	8	static
../startup/startup_rw612.c:959:11:Reserved79_IRQHandler	8	static
../startup/startup_rw612.c:963:11:W2MWKUP_DONE0_IRQHandler	8	static
../startup/startup_rw612.c:967:11:W2MWKUP_DONE1_IRQHandler	8	static
../startup/startup_rw612.c:971:11:W2MWKUP_DONE2_IRQHandler	8	static
../startup/startup_rw612.c:975:11:W2MWKUP_DONE3_IRQHandler	8	static
../startup/startup_rw612.c:979:11:W2MWKUP_DONE4_IRQHandler	8	static
../startup/startup_rw612.c:983:11:W2MWKUP_DONE5_IRQHandler	8	static
../startup/startup_rw612.c:987:11:W2MWKUP_DONE6_IRQHandler	8	static
../startup/startup_rw612.c:991:11:W2MWKUP_DONE7_IRQHandler	8	static
../startup/startup_rw612.c:995:11:W2MWKUP0_IRQHandler	8	static
../startup/startup_rw612.c:999:11:W2MWKUP1_IRQHandler	8	static
../startup/startup_rw612.c:1003:11:WL_MCI_INT0_IRQHandler	8	static
../startup/startup_rw612.c:1007:11:WL_MCI_INT1_IRQHandler	8	static
../startup/startup_rw612.c:1011:11:WL_MCI_INT2_IRQHandler	8	static
../startup/startup_rw612.c:1015:11:WL_MCI_INT3_IRQHandler	8	static
../startup/startup_rw612.c:1019:11:WL_MCI_INT4_IRQHandler	8	static
../startup/startup_rw612.c:1023:11:WL_MCI_INT5_IRQHandler	8	static
../startup/startup_rw612.c:1027:11:WL_MCI_INT6_IRQHandler	8	static
../startup/startup_rw612.c:1031:11:WL_MCI_INT7_IRQHandler	8	static
../startup/startup_rw612.c:1035:11:B2MWKUP_DONE0_IRQHandler	8	static
../startup/startup_rw612.c:1039:11:B2MWKUP_DONE1_IRQHandler	8	static
../startup/startup_rw612.c:1043:11:B2MWKUP_DONE2_IRQHandler	8	static
../startup/startup_rw612.c:1047:11:B2MWKUP_DONE3_IRQHandler	8	static
../startup/startup_rw612.c:1051:11:B2MWKUP_DONE4_IRQHandler	8	static
../startup/startup_rw612.c:1055:11:B2MWKUP_DONE5_IRQHandler	8	static
../startup/startup_rw612.c:1059:11:B2MWKUP_DONE6_IRQHandler	8	static
../startup/startup_rw612.c:1063:11:B2MWKUP_DONE7_IRQHandler	8	static
../startup/startup_rw612.c:1067:11:B2MWKUP0_IRQHandler	8	static
../startup/startup_rw612.c:1071:11:B2MWKUP1_IRQHandler	8	static
../startup/startup_rw612.c:1075:11:BLE_MCI_INT0_IRQHandler	8	static
../startup/startup_rw612.c:1079:11:BLE_MCI_INT1_IRQHandler	8	static
../startup/startup_rw612.c:1083:11:BLE_MCI_INT2_IRQHandler	8	static
../startup/startup_rw612.c:1087:11:BLE_MCI_INT3_IRQHandler	8	static
../startup/startup_rw612.c:1091:11:BLE_MCI_INT4_IRQHandler	8	static
../startup/startup_rw612.c:1095:11:BLE_MCI_INT5_IRQHandler	8	static
../startup/startup_rw612.c:1099:11:BLE_MCI_INT6_IRQHandler	8	static
../startup/startup_rw612.c:1103:11:BLE_MCI_INT7_IRQHandler	8	static
../startup/startup_rw612.c:1107:11:PIN0_INT_IRQHandler	8	static
../startup/startup_rw612.c:1111:11:PIN1_INT_IRQHandler	8	static
../startup/startup_rw612.c:1115:11:ELS_IRQHandler	8	static
../startup/startup_rw612.c:1119:11:ELS_GDET_IRQHandler	8	static
../startup/startup_rw612.c:1123:11:ELS_GDET_UM_IRQHandler	8	static
../startup/startup_rw612.c:1127:11:PKC_INT_IRQHandler	8	static
../startup/startup_rw612.c:1131:11:PKC_ERR_IRQHandler	8	static
../startup/startup_rw612.c:1135:11:CDOG_INT_IRQHandler	8	static
../startup/startup_rw612.c:1139:11:GAU_DAC_IRQHandler	8	static
../startup/startup_rw612.c:1143:11:GAU_ACOMP_WKUP_IRQHandler	8	static
../startup/startup_rw612.c:1147:11:GAU_ACOMP_IRQHandler	8	static
../startup/startup_rw612.c:1151:11:GAU_ADC1_IRQHandler	8	static
../startup/startup_rw612.c:1155:11:GAU_ADC0_IRQHandler	8	static
../startup/startup_rw612.c:1159:11:USIM_IRQHandler	8	static
../startup/startup_rw612.c:1163:11:OTP_IRQHandler	8	static
../startup/startup_rw612.c:1167:11:ENET_IRQHandler	8	static
../startup/startup_rw612.c:1171:11:ENET_TIMER_IRQHandler	8	static
../startup/startup_rw612.c:1175:11:PMIP_IRQHandler	8	static
../startup/startup_rw612.c:1179:11:PMIP_CHANGE_IRQHandler	8	static
../startup/startup_rw612.c:1183:11:ITRC_IRQHandler	8	static
../startup/startup_rw612.c:1187:11:Reserved136_IRQHandler	8	static
../startup/startup_rw612.c:1191:11:Reserved137_IRQHandler	8	static
../startup/startup_rw612.c:1195:11:Reserved138_IRQHandler	8	static
../startup/startup_rw612.c:1199:11:TRNG_IRQHandler	8	static
../startup/startup_rw612.c:1203:11:ACC_C_INT_IRQHandler	8	static
../startup/startup_rw612.c:1207:11:ACC_S_INT_IRQHandler	8	static
../startup/startup_rw612.c:1211:11:WACC_IRQHandler	8	static
../startup/startup_rw612.c:1215:11:BACC_IRQHandler	8	static
../startup/startup_rw612.c:1219:11:GDMA_IRQHandler	8	static
