C:\Users\nxa16972\Documents\MCUXpressoIDE_24.12.148\workspace\frdmmcxa153_ContextSwitch-3\drivers/fsl_clock.h:546:20:CLOCK_EnableClock	32	static
C:\Users\nxa16972\Documents\MCUXpressoIDE_24.12.148\workspace\frdmmcxa153_ContextSwitch-3\drivers/fsl_reset.h:196:20:RESET_ReleasePeripheralReset	16	static
C:\Users\nxa16972\Documents\MCUXpressoIDE_24.12.148\workspace\frdmmcxa153_ContextSwitch-3\drivers/fsl_port.h:360:20:PORT_SetPinConfig	32	static
../board/pin_mux.c:35:6:BOARD_InitBootPins	8	static
../board/pin_mux.c:60:6:BOARD_InitPins	16	static
