../lwip/src/api/sockets.c:361:1:lwip_socket_thread_init	4	static
../lwip/src/api/sockets.c:368:1:lwip_socket_thread_cleanup	4	static
../lwip/src/api/sockets.c:452:1:tryget_socket_unconn_nouse	24	static
../lwip/src/api/sockets.c:463:1:lwip_socket_dbg_get_socket	16	static
../lwip/src/api/sockets.c:470:1:tryget_socket_unconn	24	static
../lwip/src/api/sockets.c:483:1:tryget_socket_unconn_locked	24	static
../lwip/src/api/sockets.c:501:1:tryget_socket	24	static
../lwip/src/api/sockets.c:520:1:get_socket	24	static
../lwip/src/api/sockets.c:542:1:alloc_socket	24	static
../lwip/src/api/sockets.c:589:1:free_socket_locked	24	static
../lwip/src/api/sockets.c:613:1:free_socket_free_elements	24	static
../lwip/src/api/sockets.c:635:1:free_socket	32	static
../lwip/src/api/sockets.c:661:1:lwip_accept	88	static
../lwip/src/api/sockets.c:760:1:lwip_bind	40	static
../lwip/src/api/sockets.c:814:1:lwip_close	32	static
../lwip/src/api/sockets.c:855:1:lwip_connect	40	static
../lwip/src/api/sockets.c:923:1:lwip_listen	24	static
../lwip/src/api/sockets.c:962:1:lwip_recv_tcp	48	static
../lwip/src/api/sockets.c:1065:1:lwip_sock_make_addr	56	static
../lwip/src/api/sockets.c:1098:1:lwip_recv_tcp_from	40	static
../lwip/src/api/sockets.c:1130:1:lwip_recvfrom_udp_raw	64	static
../lwip/src/api/sockets.c:1241:1:lwip_recvfrom	88	static
../lwip/src/api/sockets.c:1294:1:lwip_read	32	static
../lwip/src/api/sockets.c:1300:1:lwip_readv	56	static
../lwip/src/api/sockets.c:1317:1:lwip_recv	32	static
../lwip/src/api/sockets.c:1323:1:lwip_recvmsg	64	static
../lwip/src/api/sockets.c:1424:1:lwip_send	48	static
../lwip/src/api/sockets.c:1464:1:lwip_sendmsg	88	static
../lwip/src/api/sockets.c:1627:1:lwip_sendto	56	static
../lwip/src/api/sockets.c:1727:1:lwip_socket	32	static
../lwip/src/api/sockets.c:1788:1:lwip_write	24	static
../lwip/src/api/sockets.c:1794:1:lwip_writev	56	static
../lwip/src/api/sockets.c:1813:1:lwip_link_select_cb	16	static
../lwip/src/api/sockets.c:1837:1:lwip_unlink_select_cb	16	static
../lwip/src/api/sockets.c:1877:1:lwip_selscan	64	static
../lwip/src/api/sockets.c:2006:1:lwip_select	128	static
../lwip/src/api/sockets.c:2242:1:lwip_pollscan	56	static
../lwip/src/api/sockets.c:2368:1:lwip_poll	72	static
../lwip/src/api/sockets.c:2487:1:lwip_poll_should_wake	32	static
../lwip/src/api/sockets.c:2526:1:event_callback	48	static
../lwip/src/api/sockets.c:2625:13:select_check_waiters	40	static
../lwip/src/api/sockets.c:2704:1:lwip_shutdown	32	static
../lwip/src/api/sockets.c:2749:1:lwip_getaddrname	64	static
../lwip/src/api/sockets.c:2796:1:lwip_getpeername	24	static
../lwip/src/api/sockets.c:2802:1:lwip_getsockname	24	static
../lwip/src/api/sockets.c:2808:1:lwip_getsockopt	40	static
../lwip/src/api/sockets.c:2908:1:lwip_sockopt_to_ipopt	16	static
../lwip/src/api/sockets.c:2974:1:lwip_getsockopt_impl	40	static
../lwip/src/api/sockets.c:3306:1:lwip_setsockopt	40	static
../lwip/src/api/sockets.c:3404:1:lwip_setsockopt_impl	48	static
../lwip/src/api/sockets.c:3850:1:lwip_ioctl	32	static
../lwip/src/api/sockets.c:3958:1:lwip_fcntl	40	static
../lwip/src/api/sockets.c:4041:1:lwip_inet_ntop	32	static
../lwip/src/api/sockets.c:4074:1:lwip_inet_pton	32	static
