Archive member included to satisfy reference by file (symbol)

C:/nxp/MCUXpressoIDE_24.12.148/ide/plugins/com.nxp.mcuxpresso.tools.win32_24.12.0.202407110909/tools/bin/../lib/gcc/arm-none-eabi/13.2.1/../../../../arm-none-eabi/lib/thumb/v8-m.main/nofp\libcr_nohost_nf.a(_cr__main.o)
                              ./startup/startup_mcxa153.o (__main)
C:/nxp/MCUXpressoIDE_24.12.148/ide/plugins/com.nxp.mcuxpresso.tools.win32_24.12.0.202407110909/tools/bin/../lib/gcc/arm-none-eabi/13.2.1/../../../../arm-none-eabi/lib/thumb/v8-m.main/nofp\libcr_c.a(memset.o)
                              ./drivers/fsl_lpuart.o (memset)
C:/nxp/MCUXpressoIDE_24.12.148/ide/plugins/com.nxp.mcuxpresso.tools.win32_24.12.0.202407110909/tools/bin/../lib/gcc/arm-none-eabi/13.2.1/../../../../arm-none-eabi/lib/thumb/v8-m.main/nofp\libcr_c.a(alloc.o)
                              ./drivers/fsl_common.o (malloc)
C:/nxp/MCUXpressoIDE_24.12.148/ide/plugins/com.nxp.mcuxpresso.tools.win32_24.12.0.202407110909/tools/bin/../lib/gcc/arm-none-eabi/13.2.1/../../../../arm-none-eabi/lib/thumb/v8-m.main/nofp\libcr_c.a(errno.o)
                              ./utilities/str/fsl_str.o (errno)
C:/nxp/MCUXpressoIDE_24.12.148/ide/plugins/com.nxp.mcuxpresso.tools.win32_24.12.0.202407110909/tools/bin/../lib/gcc/arm-none-eabi/13.2.1/../../../../arm-none-eabi/lib/thumb/v8-m.main/nofp\libcr_c.a(initio.o)
                              C:/nxp/MCUXpressoIDE_24.12.148/ide/plugins/com.nxp.mcuxpresso.tools.win32_24.12.0.202407110909/tools/bin/../lib/gcc/arm-none-eabi/13.2.1/../../../../arm-none-eabi/lib/thumb/v8-m.main/nofp\libcr_nohost_nf.a(_cr__main.o) (_initio)
C:/nxp/MCUXpressoIDE_24.12.148/ide/plugins/com.nxp.mcuxpresso.tools.win32_24.12.0.202407110909/tools/bin/../lib/gcc/arm-none-eabi/13.2.1/../../../../arm-none-eabi/lib/thumb/v8-m.main/nofp\libcr_c.a(scanf.o)
                              ./utilities/str/fsl_str.o (strtoul)
C:/nxp/MCUXpressoIDE_24.12.148/ide/plugins/com.nxp.mcuxpresso.tools.win32_24.12.0.202407110909/tools/bin/../lib/gcc/arm-none-eabi/13.2.1/../../../../arm-none-eabi/lib/thumb/v8-m.main/nofp\libcr_c.a(setvbuf.o)
                              C:/nxp/MCUXpressoIDE_24.12.148/ide/plugins/com.nxp.mcuxpresso.tools.win32_24.12.0.202407110909/tools/bin/../lib/gcc/arm-none-eabi/13.2.1/../../../../arm-none-eabi/lib/thumb/v8-m.main/nofp\libcr_c.a(initio.o) (setvbuf)
C:/nxp/MCUXpressoIDE_24.12.148/ide/plugins/com.nxp.mcuxpresso.tools.win32_24.12.0.202407110909/tools/bin/../lib/gcc/arm-none-eabi/13.2.1/../../../../arm-none-eabi/lib/thumb/v8-m.main/nofp\libcr_c.a(strlen.o)
                              ./utilities/str/fsl_str.o (strlen)
C:/nxp/MCUXpressoIDE_24.12.148/ide/plugins/com.nxp.mcuxpresso.tools.win32_24.12.0.202407110909/tools/bin/../lib/gcc/arm-none-eabi/13.2.1/../../../../arm-none-eabi/lib/thumb/v8-m.main/nofp\libcr_c.a(ungetc.o)
                              C:/nxp/MCUXpressoIDE_24.12.148/ide/plugins/com.nxp.mcuxpresso.tools.win32_24.12.0.202407110909/tools/bin/../lib/gcc/arm-none-eabi/13.2.1/../../../../arm-none-eabi/lib/thumb/v8-m.main/nofp\libcr_c.a(scanf.o) (ungetc)
C:/nxp/MCUXpressoIDE_24.12.148/ide/plugins/com.nxp.mcuxpresso.tools.win32_24.12.0.202407110909/tools/bin/../lib/gcc/arm-none-eabi/13.2.1/../../../../arm-none-eabi/lib/thumb/v8-m.main/nofp\libcr_c.a(__fillbuf.o)
                              C:/nxp/MCUXpressoIDE_24.12.148/ide/plugins/com.nxp.mcuxpresso.tools.win32_24.12.0.202407110909/tools/bin/../lib/gcc/arm-none-eabi/13.2.1/../../../../arm-none-eabi/lib/thumb/v8-m.main/nofp\libcr_c.a(scanf.o) (__filbuf)
C:/nxp/MCUXpressoIDE_24.12.148/ide/plugins/com.nxp.mcuxpresso.tools.win32_24.12.0.202407110909/tools/bin/../lib/gcc/arm-none-eabi/13.2.1/../../../../arm-none-eabi/lib/thumb/v8-m.main/nofp\libcr_c.a(__init_alloc.o)
                              C:/nxp/MCUXpressoIDE_24.12.148/ide/plugins/com.nxp.mcuxpresso.tools.win32_24.12.0.202407110909/tools/bin/../lib/gcc/arm-none-eabi/13.2.1/../../../../arm-none-eabi/lib/thumb/v8-m.main/nofp\libcr_c.a(alloc.o) (__heaps)
C:/nxp/MCUXpressoIDE_24.12.148/ide/plugins/com.nxp.mcuxpresso.tools.win32_24.12.0.202407110909/tools/bin/../lib/gcc/arm-none-eabi/13.2.1/../../../../arm-none-eabi/lib/thumb/v8-m.main/nofp\libcr_c.a(_cr_sbrk.o)
                              C:/nxp/MCUXpressoIDE_24.12.148/ide/plugins/com.nxp.mcuxpresso.tools.win32_24.12.0.202407110909/tools/bin/../lib/gcc/arm-none-eabi/13.2.1/../../../../arm-none-eabi/lib/thumb/v8-m.main/nofp\libcr_c.a(alloc.o) (_sbrk)
C:/nxp/MCUXpressoIDE_24.12.148/ide/plugins/com.nxp.mcuxpresso.tools.win32_24.12.0.202407110909/tools/bin/../lib/gcc/arm-none-eabi/13.2.1/../../../../arm-none-eabi/lib/thumb/v8-m.main/nofp\libcr_c.a(_deferredlazyseek.o)
                              C:/nxp/MCUXpressoIDE_24.12.148/ide/plugins/com.nxp.mcuxpresso.tools.win32_24.12.0.202407110909/tools/bin/../lib/gcc/arm-none-eabi/13.2.1/../../../../arm-none-eabi/lib/thumb/v8-m.main/nofp\libcr_c.a(__fillbuf.o) (_deferredlazyseek)
[...]
Memory Configuration

Name             Origin             Length             Attributes
PROGRAM_FLASH    0x00000000         0x00020000         xr
SRAM             0x20000000         0x00006000         xrw
SRAMX0           0x04000000         0x00002000         xrw
SRAMX1           0x04002000         0x00001000         xrw
*default*        0x00000000         0xffffffff

Linker script and memory map

LOAD ./utilities/str/fsl_str.o
LOAD ./utilities/debug_console_lite/fsl_debug_console.o
LOAD ./utilities/fsl_assert.o
LOAD ./utilities/fsl_memcpy.o
LOAD ./startup/startup_mcxa153.o
LOAD ./source/ContextSwitch-2.o
LOAD ./source/context_switch.o
LOAD ./source/semihost_hardfault.o
LOAD ./source/syscall.o
LOAD ./drivers/fsl_clock.o
LOAD ./drivers/fsl_common.o
LOAD ./drivers/fsl_common_arm.o
LOAD ./drivers/fsl_gpio.o
LOAD ./drivers/fsl_lpuart.o
LOAD ./drivers/fsl_reset.o
LOAD ./drivers/fsl_spc.o
LOAD ./device/system_MCXA153.o
LOAD ./component/uart/fsl_adapter_lpuart.o
LOAD ./board/board.o
LOAD ./board/clock_config.o
LOAD ./board/hardware_init.o
LOAD ./board/pin_mux.o
START GROUP
LOAD C:/nxp/MCUXpressoIDE_24.12.148/ide/plugins/com.nxp.mcuxpresso.tools.win32_24.12.0.202407110909/tools/bin/../lib/gcc/arm-none-eabi/13.2.1/../../../../arm-none-eabi/lib/thumb/v8-m.main/nofp\libcr_nohost_nf.a
LOAD C:/nxp/MCUXpressoIDE_24.12.148/ide/plugins/com.nxp.mcuxpresso.tools.win32_24.12.0.202407110909/tools/bin/../lib/gcc/arm-none-eabi/13.2.1/../../../../arm-none-eabi/lib/thumb/v8-m.main/nofp\libcr_c.a
LOAD C:/nxp/MCUXpressoIDE_24.12.148/ide/plugins/com.nxp.mcuxpresso.tools.win32_24.12.0.202407110909/tools/bin/../lib/gcc/arm-none-eabi/13.2.1/thumb/v8-m.main/nofp\libcr_eabihelpers.a
LOAD C:/nxp/MCUXpressoIDE_24.12.148/ide/plugins/com.nxp.mcuxpresso.tools.win32_24.12.0.202407110909/tools/bin/../lib/gcc/arm-none-eabi/13.2.1/thumb/v8-m.main/nofp\libgcc.a
END GROUP
                0x00000000                        __base_PROGRAM_FLASH = 0x0
                0x00000000                        __base_Flash = 0x0
                0x00020000                        __top_PROGRAM_FLASH = 0x20000
                0x00020000                        __top_Flash = 0x20000
                0x20000000                        __base_SRAM = 0x20000000
                0x20000000                        __base_RAM = 0x20000000
                0x20006000                        __top_SRAM = 0x20006000
                0x20006000                        __top_RAM = 0x20006000
                0x04000000                        __base_SRAMX0 = 0x4000000
                0x04000000                        __base_RAM2 = 0x4000000
                0x04002000                        __top_SRAMX0 = 0x4002000
                0x04002000                        __top_RAM2 = 0x4002000
                0x04002000                        __base_SRAMX1 = 0x4002000
                0x04002000                        __base_RAM3 = 0x4002000
                0x04003000                        __top_SRAMX1 = 0x4003000
                0x04003000                        __top_RAM3 = 0x4003000

.text           0x00000000     0x2e28
 FILL mask 0xff
                0x00000000                        __vectors_start__ = ABSOLUTE (.)
 *(SORT_BY_ALIGNMENT(.isr_vector))
 .isr_vector    0x00000000      0x16c ./startup/startup_mcxa153.o
                0x00000000                g_pfnVectors
                0x00000000                __Vectors
                0x0000016c                        . = ALIGN (0x4)
                0x0000016c                        __section_table_start = .
                0x0000016c                        __data_section_table = .
                0x0000016c        0x4 LONG 0x2e28 LOADADDR (.data)
                0x00000170        0x4 LONG 0x20000000 ADDR (.data)
                0x00000174        0x4 LONG 0xc SIZEOF (.data)
                0x00000178        0x4 LONG 0x2e28 LOADADDR (.data_RAM2)
                0x0000017c        0x4 LONG 0x4000000 ADDR (.data_RAM2)
                0x00000180        0x4 LONG 0x0 SIZEOF (.data_RAM2)
                0x00000184        0x4 LONG 0x2e28 LOADADDR (.data_RAM3)
                0x00000188        0x4 LONG 0x4002000 ADDR (.data_RAM3)
                0x0000018c        0x4 LONG 0x0 SIZEOF (.data_RAM3)
                0x00000190                        __data_section_table_end = .
                0x00000190                        __bss_section_table = .
                0x00000190        0x4 LONG 0x2000000c ADDR (.bss)
                0x00000194        0x4 LONG 0x4e4 SIZEOF (.bss)
                0x00000198        0x4 LONG 0x4000000 ADDR (.bss_RAM2)
                0x0000019c        0x4 LONG 0x0 SIZEOF (.bss_RAM2)
                0x000001a0        0x4 LONG 0x4002000 ADDR (.bss_RAM3)
                0x000001a4        0x4 LONG 0x0 SIZEOF (.bss_RAM3)
                0x000001a8                        __bss_section_table_end = .
                0x000001a8                        __section_table_end = .
 *(SORT_BY_ALIGNMENT(.after_vectors*))
 .after_vectors.reset
                0x000001a8       0x68 ./startup/startup_mcxa153.o
                0x000001a8                ResetISR
 .after_vectors.init_data
                0x00000210       0x1c ./startup/startup_mcxa153.o
                0x00000210                data_init
 .after_vectors.init_bss
                0x0000022c       0x12 ./startup/startup_mcxa153.o
                0x0000022c                bss_init
 .after_vectors
                0x0000023e       0x16 ./startup/startup_mcxa153.o
                0x0000023e                NMI_Handler
                0x00000242                MemManage_Handler
                0x00000244                BusFault_Handler
                0x00000246                UsageFault_Handler
                0x00000248                SecureFault_Handler
                0x0000024c                DebugMon_Handler
                0x0000024e                PendSV_Handler
                0x00000250                SysTick_Handler
                0x00000252                LPTMR0_DriverIRQHandler
                0x00000252                MBC0_DriverIRQHandler
                0x00000252                FLEXPWM0_SUBMODULE1_DriverIRQHandler
                0x00000252                WAKETIMER0_DriverIRQHandler
                0x00000252                Reserved39_DriverIRQHandler
                0x00000252                WUU0_DriverIRQHandler
                0x00000252                LPI2C0_DriverIRQHandler
                0x00000252                FLEXPWM0_RELOAD_ERROR_DriverIRQHandler
                0x00000252                QDC0_HOME_DriverIRQHandler
                0x00000252                Reserved82_DriverIRQHandler
                0x00000252                QDC0_WATCHDOG_DriverIRQHandler
                0x00000252                ERM0_MULTI_BIT_DriverIRQHandler
                0x00000252                Reserved36_DriverIRQHandler
                0x00000252                CTIMER2_DriverIRQHandler
                0x00000252                I3C0_DriverIRQHandler
                0x00000252                CMP1_DriverIRQHandler
                0x00000252                Reserved33_DriverIRQHandler
                0x00000252                USB0_DriverIRQHandler
                0x00000252                QDC0_INDEX_DriverIRQHandler
                0x00000252                CMC_DriverIRQHandler
                0x00000252                Reserved41_DriverIRQHandler
                0x00000252                FLEXPWM0_SUBMODULE2_DriverIRQHandler
                0x00000252                WWDT0_DriverIRQHandler
                0x00000252                Reserved84_DriverIRQHandler
                0x00000252                FLEXPWM0_FAULT_DriverIRQHandler
                0x00000252                GPIO0_DriverIRQHandler
                0x00000252                Reserved38_DriverIRQHandler
                0x00000252                FREQME0_DriverIRQHandler
                0x00000252                Reserved22_DriverIRQHandler
                0x00000252                Reserved53_DriverIRQHandler
                0x00000252                Reserved35_DriverIRQHandler
                0x00000252                CTIMER0_DriverIRQHandler
                0x00000252                Reserved79_DriverIRQHandler
                0x00000252                Reserved24_DriverIRQHandler
                0x00000252                CTIMER1_DriverIRQHandler
                0x00000252                QDC0_COMPARE_DriverIRQHandler
                0x00000252                IntDefaultHandler
                0x00000252                LPSPI0_DriverIRQHandler
                0x00000252                DMA_CH3_DriverIRQHandler
                0x00000252                Reserved83_DriverIRQHandler
                0x00000252                Reserved72_DriverIRQHandler
                0x00000252                Reserved23_DriverIRQHandler
                0x00000252                Reserved65_DriverIRQHandler
                0x00000252                ERM0_SINGLE_BIT_DriverIRQHandler
                0x00000252                DMA_CH2_DriverIRQHandler
                0x00000252                UTICK0_DriverIRQHandler
                0x00000252                Reserved51_DriverIRQHandler
                0x00000252                Reserved25_DriverIRQHandler
                0x00000252                FMU0_DriverIRQHandler
                0x00000252                LPSPI1_DriverIRQHandler
                0x00000252                Reserved77_DriverIRQHandler
                0x00000252                Reserved16_DriverIRQHandler
                0x00000252                GPIO2_DriverIRQHandler
                0x00000252                Reserved85_DriverIRQHandler
                0x00000252                ADC0_DriverIRQHandler
                0x00000252                CMP0_DriverIRQHandler
                0x00000252                CDOG0_DriverIRQHandler
                0x00000252                Reserved59_DriverIRQHandler
                0x00000252                DMA_CH0_DriverIRQHandler
                0x00000252                Reserved58_DriverIRQHandler
                0x00000252                DMA_CH1_DriverIRQHandler
                0x00000252                SPC0_DriverIRQHandler
                0x00000252                GLIKEY0_DriverIRQHandler
                0x00000252                Reserved43_DriverIRQHandler
                0x00000252                Reserved46_DriverIRQHandler
                0x00000252                Reserved37_DriverIRQHandler
                0x00000252                Reserved86_DriverIRQHandler
                0x00000252                GPIO1_DriverIRQHandler
                0x00000252                FLEXPWM0_SUBMODULE0_DriverIRQHandler
                0x00000252                Reserved50_DriverIRQHandler
                0x00000252                OS_EVENT_DriverIRQHandler
                0x00000252                SCG0_DriverIRQHandler
                0x00000252                GPIO3_DriverIRQHandler
 *(SORT_BY_ALIGNMENT(.text*))
 .text.DbgConsole_Init
                0x00000254       0x88 ./utilities/debug_console_lite/fsl_debug_console.o
                0x00000254                DbgConsole_Init
 .text.DbgConsole_Vprintf
                0x000002dc       0x3c ./utilities/debug_console_lite/fsl_debug_console.o
                0x000002dc                DbgConsole_Vprintf
 .text.DbgConsole_Putchar
                0x00000318       0x30 ./utilities/debug_console_lite/fsl_debug_console.o
                0x00000318                DbgConsole_Putchar
 .text.DbgConsole_PrintfFormattedData
                0x00000348      0x3e0 ./utilities/debug_console_lite/fsl_debug_console.o
 .text.__assertion_failed
                0x00000728       0x2c ./utilities/fsl_assert.o
                0x00000728                __assertion_failed
 .text          0x00000754       0xa0 ./utilities/fsl_memcpy.o
                0x00000754                memcpy
 .text.usertask
                0x000007f4       0x34 ./source/ContextSwitch-2.o
                0x000007f4                usertask
 .text.main     0x00000828       0x74 ./source/ContextSwitch-2.o
                0x00000828                main
 .text.CLOCK_SetClockSelect
                0x0000089c       0x94 ./drivers/fsl_clock.o
                0x0000089c                CLOCK_SetClockSelect
 .text.CLOCK_SetClockDiv
                0x00000930       0x7c ./drivers/fsl_clock.o
                0x00000930                CLOCK_SetClockDiv
 .text.CLOCK_SetupFROHFClocking
                0x000009ac       0xf4 ./drivers/fsl_clock.o
                0x000009ac                CLOCK_SetupFROHFClocking
 .text.CLOCK_SetupFRO12MClocking
                0x00000aa0       0x54 ./drivers/fsl_clock.o
                0x00000aa0                CLOCK_SetupFRO12MClocking
 .text.CLOCK_GetFro12MFreq
                0x00000af4       0x28 ./drivers/fsl_clock.o
 .text.CLOCK_GetFroHfFreq
                0x00000b1c       0xc0 ./drivers/fsl_clock.o
 .text.CLOCK_GetClk16KFreq
                0x00000bdc       0x44 ./drivers/fsl_clock.o
 .text.CLOCK_GetExtClkFreq
                0x00000c20       0x2c ./drivers/fsl_clock.o
 .text.CLOCK_GetMainClk
                0x00000c4c       0x68 ./drivers/fsl_clock.o
                0x00000c4c                CLOCK_GetMainClk
 .text.CLOCK_GetCoreSysClkFreq
                0x00000cb4       0x20 ./drivers/fsl_clock.o
                0x00000cb4                CLOCK_GetCoreSysClkFreq
 .text.CLOCK_EnableClock
                0x00000cd4       0x88 ./drivers/fsl_lpuart.o
 .text.LPUART_GetInstance
                0x00000d5c       0x4c ./drivers/fsl_lpuart.o
                0x00000d5c                LPUART_GetInstance
 .text.LPUART_Init
                0x00000da8      0x324 ./drivers/fsl_lpuart.o
                0x00000da8                LPUART_Init
 .text.LPUART_GetDefaultConfig
                0x000010cc       0x88 ./drivers/fsl_lpuart.o
                0x000010cc                LPUART_GetDefaultConfig
 .text.LPUART_GetStatusFlags
                0x00001154       0x38 ./drivers/fsl_lpuart.o
                0x00001154                LPUART_GetStatusFlags
 .text.LPUART_ClearStatusFlags
                0x0000118c       0x7c ./drivers/fsl_lpuart.o
                0x0000118c                LPUART_ClearStatusFlags
 .text.LPUART_WriteBlocking
                0x00001208       0x68 ./drivers/fsl_lpuart.o
                0x00001208                LPUART_WriteBlocking
 .text.LPUART_ReadBlocking
                0x00001270      0x160 ./drivers/fsl_lpuart.o
                0x00001270                LPUART_ReadBlocking
 .text.LPUART0_DriverIRQHandler
                0x000013d0       0x24 ./drivers/fsl_lpuart.o
                0x000013d0                LPUART0_DriverIRQHandler
 .text.LPUART1_DriverIRQHandler
                0x000013f4       0x24 ./drivers/fsl_lpuart.o
                0x000013f4                LPUART1_DriverIRQHandler
 .text.LPUART2_DriverIRQHandler
                0x00001418       0x24 ./drivers/fsl_lpuart.o
                0x00001418                LPUART2_DriverIRQHandler
 .text.RESET_SetPeripheralReset
                0x0000143c       0xb4 ./drivers/fsl_reset.o
                0x0000143c                RESET_SetPeripheralReset
 .text.RESET_ClearPeripheralReset
                0x000014f0       0x98 ./drivers/fsl_reset.o
                0x000014f0                RESET_ClearPeripheralReset
 .text.SPC_SetSRAMOperateVoltage
                0x00001588       0x58 ./drivers/fsl_spc.o
                0x00001588                SPC_SetSRAMOperateVoltage
 .text.SPC_SetActiveModeCoreLDORegulatorConfig
                0x000015e0       0x94 ./drivers/fsl_spc.o
                0x000015e0                SPC_SetActiveModeCoreLDORegulatorConfig
 .text.SystemInit
                0x00001674      0x120 ./device/system_MCXA153.o
                0x00001674                SystemInit
 .text.HAL_UartInitCommon
                0x00001794       0xe0 ./component/uart/fsl_adapter_lpuart.o
 .text.HAL_UartInit
                0x00001874       0x84 ./component/uart/fsl_adapter_lpuart.o
                0x00001874                HAL_UartInit
 .text.HAL_UartReceiveBlocking
                0x000018f8       0x6c ./component/uart/fsl_adapter_lpuart.o
                0x000018f8                HAL_UartReceiveBlocking
 .text.HAL_UartSendBlocking
                0x00001964       0x64 ./component/uart/fsl_adapter_lpuart.o
                0x00001964                HAL_UartSendBlocking
 .text.BOARD_InitDebugConsole
                0x000019c8       0x30 ./board/board.o
                0x000019c8                BOARD_InitDebugConsole
 .text.BOARD_BootClockFRO96M
                0x000019f8       0xd0 ./board/clock_config.o
                0x000019f8                BOARD_BootClockFRO96M
 .text.CLOCK_EnableClock
                0x00001ac8       0x88 ./board/pin_mux.o
 .text.PORT_SetPinConfig
                0x00001b50       0x38 ./board/pin_mux.o
 .text.BOARD_InitPins
                0x00001b88       0x78 ./board/pin_mux.o
                0x00001b88                BOARD_InitPins
 .text._initio  0x00001c00       0x78 C:/nxp/MCUXpressoIDE_24.12.148/ide/plugins/com.nxp.mcuxpresso.tools.win32_24.12.0.202407110909/tools/bin/../lib/gcc/arm-none-eabi/13.2.1/../../../../arm-none-eabi/lib/thumb/v8-m.main/nofp\libcr_c.a(initio.o)
                0x00001c00                _initio
 .text._Cwritebuf
                0x00001c78       0x6c C:/nxp/MCUXpressoIDE_24.12.148/ide/plugins/com.nxp.mcuxpresso.tools.win32_24.12.0.202407110909/tools/bin/../lib/gcc/arm-none-eabi/13.2.1/../../../../arm-none-eabi/lib/thumb/v8-m.main/nofp\libcr_c.a(_writebuf.o)
                0x00001c78                _Cwritebuf
 .text.fflush   0x00001ce4       0x3c C:/nxp/MCUXpressoIDE_24.12.148/ide/plugins/com.nxp.mcuxpresso.tools.win32_24.12.0.202407110909/tools/bin/../lib/gcc/arm-none-eabi/13.2.1/../../../../arm-none-eabi/lib/thumb/v8-m.main/nofp\libcr_c.a(fflush.o)
                0x00001ce4                fflush
 .text.fseek    0x00001d20       0xf8 C:/nxp/MCUXpressoIDE_24.12.148/ide/plugins/com.nxp.mcuxpresso.tools.win32_24.12.0.202407110909/tools/bin/../lib/gcc/arm-none-eabi/13.2.1/../../../../arm-none-eabi/lib/thumb/v8-m.main/nofp\libcr_c.a(fseek.o)
                0x00001d20                fseek
 .text.ftell    0x00001e18       0x44 C:/nxp/MCUXpressoIDE_24.12.148/ide/plugins/com.nxp.mcuxpresso.tools.win32_24.12.0.202407110909/tools/bin/../lib/gcc/arm-none-eabi/13.2.1/../../../../arm-none-eabi/lib/thumb/v8-m.main/nofp\libcr_c.a(ftell.o)
                0x00001e18                ftell
 .text.DbgConsole_Printf
                0x00001e5c       0x2c ./utilities/debug_console_lite/fsl_debug_console.o
                0x00001e5c                DbgConsole_Printf
 .text.DbgConsole_PrintfPaddingCharacter
                0x00001e88       0x40 ./utilities/debug_console_lite/fsl_debug_console.o
 .text.DbgConsole_ConvertRadixNumToString
                0x00001ec8       0xc0 ./utilities/debug_console_lite/fsl_debug_console.o
 .text.fsl_assert_hook
                0x00001f88       0x18 ./utilities/fsl_assert.o
                0x00001f88                fsl_assert_hook
 .text.Reserved16_IRQHandler
                0x00001fa0        0x8 ./startup/startup_mcxa153.o
                0x00001fa0                Reserved16_IRQHandler
 .text.CMC_IRQHandler
                0x00001fa8        0x8 ./startup/startup_mcxa153.o
                0x00001fa8                CMC_IRQHandler
 .text.DMA_CH0_IRQHandler
                0x00001fb0        0x8 ./startup/startup_mcxa153.o
                0x00001fb0                DMA_CH0_IRQHandler
 .text.DMA_CH1_IRQHandler
                0x00001fb8        0x8 ./startup/startup_mcxa153.o
                0x00001fb8                DMA_CH1_IRQHandler
 .text.DMA_CH2_IRQHandler
                0x00001fc0        0x8 ./startup/startup_mcxa153.o
                0x00001fc0                DMA_CH2_IRQHandler
 .text.DMA_CH3_IRQHandler
                0x00001fc8        0x8 ./startup/startup_mcxa153.o
                0x00001fc8                DMA_CH3_IRQHandler
 .text.Reserved22_IRQHandler
                0x00001fd0        0x8 ./startup/startup_mcxa153.o
                0x00001fd0                Reserved22_IRQHandler
 .text.Reserved23_IRQHandler
                0x00001fd8        0x8 ./startup/startup_mcxa153.o
                0x00001fd8                Reserved23_IRQHandler
 .text.Reserved24_IRQHandler
                0x00001fe0        0x8 ./startup/startup_mcxa153.o
                0x00001fe0                Reserved24_IRQHandler
 .text.Reserved25_IRQHandler
                0x00001fe8        0x8 ./startup/startup_mcxa153.o
                0x00001fe8                Reserved25_IRQHandler
 .text.ERM0_SINGLE_BIT_IRQHandler
                0x00001ff0        0x8 ./startup/startup_mcxa153.o
                0x00001ff0                ERM0_SINGLE_BIT_IRQHandler
 .text.ERM0_MULTI_BIT_IRQHandler
                0x00001ff8        0x8 ./startup/startup_mcxa153.o
                0x00001ff8                ERM0_MULTI_BIT_IRQHandler
 .text.FMU0_IRQHandler
                0x00002000        0x8 ./startup/startup_mcxa153.o
                0x00002000                FMU0_IRQHandler
 .text.GLIKEY0_IRQHandler
                0x00002008        0x8 ./startup/startup_mcxa153.o
                0x00002008                GLIKEY0_IRQHandler
 .text.MBC0_IRQHandler
                0x00002010        0x8 ./startup/startup_mcxa153.o
                0x00002010                MBC0_IRQHandler
 .text.SCG0_IRQHandler
                0x00002018        0x8 ./startup/startup_mcxa153.o
                0x00002018                SCG0_IRQHandler
 .text.SPC0_IRQHandler
                0x00002020        0x8 ./startup/startup_mcxa153.o
                0x00002020                SPC0_IRQHandler
 .text.Reserved33_IRQHandler
                0x00002028        0x8 ./startup/startup_mcxa153.o
                0x00002028                Reserved33_IRQHandler
 .text.WUU0_IRQHandler
                0x00002030        0x8 ./startup/startup_mcxa153.o
                0x00002030                WUU0_IRQHandler
 .text.Reserved35_IRQHandler
                0x00002038        0x8 ./startup/startup_mcxa153.o
                0x00002038                Reserved35_IRQHandler
 .text.Reserved36_IRQHandler
                0x00002040        0x8 ./startup/startup_mcxa153.o
                0x00002040                Reserved36_IRQHandler
 .text.Reserved37_IRQHandler
                0x00002048        0x8 ./startup/startup_mcxa153.o
                0x00002048                Reserved37_IRQHandler
 .text.Reserved38_IRQHandler
                0x00002050        0x8 ./startup/startup_mcxa153.o
                0x00002050                Reserved38_IRQHandler
 .text.Reserved39_IRQHandler
                0x00002058        0x8 ./startup/startup_mcxa153.o
                0x00002058                Reserved39_IRQHandler
 .text.I3C0_IRQHandler
                0x00002060        0x8 ./startup/startup_mcxa153.o
                0x00002060                I3C0_IRQHandler
 .text.Reserved41_IRQHandler
                0x00002068        0x8 ./startup/startup_mcxa153.o
                0x00002068                Reserved41_IRQHandler
 .text.LPI2C0_IRQHandler
                0x00002070        0x8 ./startup/startup_mcxa153.o
                0x00002070                LPI2C0_IRQHandler
 .text.Reserved43_IRQHandler
                0x00002078        0x8 ./startup/startup_mcxa153.o
                0x00002078                Reserved43_IRQHandler
 .text.LPSPI0_IRQHandler
                0x00002080        0x8 ./startup/startup_mcxa153.o
                0x00002080                LPSPI0_IRQHandler
 .text.LPSPI1_IRQHandler
                0x00002088        0x8 ./startup/startup_mcxa153.o
                0x00002088                LPSPI1_IRQHandler
 .text.Reserved46_IRQHandler
                0x00002090        0x8 ./startup/startup_mcxa153.o
                0x00002090                Reserved46_IRQHandler
 .text.LPUART0_IRQHandler
                0x00002098        0x8 ./startup/startup_mcxa153.o
                0x00002098                LPUART0_IRQHandler
 .text.LPUART1_IRQHandler
                0x000020a0        0x8 ./startup/startup_mcxa153.o
                0x000020a0                LPUART1_IRQHandler
 .text.LPUART2_IRQHandler
                0x000020a8        0x8 ./startup/startup_mcxa153.o
                0x000020a8                LPUART2_IRQHandler
 .text.Reserved50_IRQHandler
                0x000020b0        0x8 ./startup/startup_mcxa153.o
                0x000020b0                Reserved50_IRQHandler
 .text.Reserved51_IRQHandler
                0x000020b8        0x8 ./startup/startup_mcxa153.o
                0x000020b8                Reserved51_IRQHandler
 .text.USB0_IRQHandler
                0x000020c0        0x8 ./startup/startup_mcxa153.o
                0x000020c0                USB0_IRQHandler
 .text.Reserved53_IRQHandler
                0x000020c8        0x8 ./startup/startup_mcxa153.o
                0x000020c8                Reserved53_IRQHandler
 .text.CDOG0_IRQHandler
                0x000020d0        0x8 ./startup/startup_mcxa153.o
                0x000020d0                CDOG0_IRQHandler
 .text.CTIMER0_IRQHandler
                0x000020d8        0x8 ./startup/startup_mcxa153.o
                0x000020d8                CTIMER0_IRQHandler
 .text.CTIMER1_IRQHandler
                0x000020e0        0x8 ./startup/startup_mcxa153.o
                0x000020e0                CTIMER1_IRQHandler
 .text.CTIMER2_IRQHandler
                0x000020e8        0x8 ./startup/startup_mcxa153.o
                0x000020e8                CTIMER2_IRQHandler
 .text.Reserved58_IRQHandler
                0x000020f0        0x8 ./startup/startup_mcxa153.o
                0x000020f0                Reserved58_IRQHandler
 .text.Reserved59_IRQHandler
                0x000020f8        0x8 ./startup/startup_mcxa153.o
                0x000020f8                Reserved59_IRQHandler
 .text.FLEXPWM0_RELOAD_ERROR_IRQHandler
                0x00002100        0x8 ./startup/startup_mcxa153.o
                0x00002100                FLEXPWM0_RELOAD_ERROR_IRQHandler
 .text.FLEXPWM0_FAULT_IRQHandler
                0x00002108        0x8 ./startup/startup_mcxa153.o
                0x00002108                FLEXPWM0_FAULT_IRQHandler
 .text.FLEXPWM0_SUBMODULE0_IRQHandler
                0x00002110        0x8 ./startup/startup_mcxa153.o
                0x00002110                FLEXPWM0_SUBMODULE0_IRQHandler
 .text.FLEXPWM0_SUBMODULE1_IRQHandler
                0x00002118        0x8 ./startup/startup_mcxa153.o
                0x00002118                FLEXPWM0_SUBMODULE1_IRQHandler
 .text.FLEXPWM0_SUBMODULE2_IRQHandler
                0x00002120        0x8 ./startup/startup_mcxa153.o
                0x00002120                FLEXPWM0_SUBMODULE2_IRQHandler
 .text.Reserved65_IRQHandler
                0x00002128        0x8 ./startup/startup_mcxa153.o
                0x00002128                Reserved65_IRQHandler
 .text.QDC0_COMPARE_IRQHandler
                0x00002130        0x8 ./startup/startup_mcxa153.o
                0x00002130                QDC0_COMPARE_IRQHandler
 .text.QDC0_HOME_IRQHandler
                0x00002138        0x8 ./startup/startup_mcxa153.o
                0x00002138                QDC0_HOME_IRQHandler
 .text.QDC0_WATCHDOG_IRQHandler
                0x00002140        0x8 ./startup/startup_mcxa153.o
                0x00002140                QDC0_WATCHDOG_IRQHandler
 .text.QDC0_INDEX_IRQHandler
                0x00002148        0x8 ./startup/startup_mcxa153.o
                0x00002148                QDC0_INDEX_IRQHandler
 .text.FREQME0_IRQHandler
                0x00002150        0x8 ./startup/startup_mcxa153.o
                0x00002150                FREQME0_IRQHandler
 .text.LPTMR0_IRQHandler
                0x00002158        0x8 ./startup/startup_mcxa153.o
                0x00002158                LPTMR0_IRQHandler
 .text.Reserved72_IRQHandler
                0x00002160        0x8 ./startup/startup_mcxa153.o
                0x00002160                Reserved72_IRQHandler
 .text.OS_EVENT_IRQHandler
                0x00002168        0x8 ./startup/startup_mcxa153.o
                0x00002168                OS_EVENT_IRQHandler
 .text.WAKETIMER0_IRQHandler
                0x00002170        0x8 ./startup/startup_mcxa153.o
                0x00002170                WAKETIMER0_IRQHandler
 .text.UTICK0_IRQHandler
                0x00002178        0x8 ./startup/startup_mcxa153.o
                0x00002178                UTICK0_IRQHandler
 .text.WWDT0_IRQHandler
                0x00002180        0x8 ./startup/startup_mcxa153.o
                0x00002180                WWDT0_IRQHandler
 .text.Reserved77_IRQHandler
                0x00002188        0x8 ./startup/startup_mcxa153.o
                0x00002188                Reserved77_IRQHandler
 .text.ADC0_IRQHandler
                0x00002190        0x8 ./startup/startup_mcxa153.o
                0x00002190                ADC0_IRQHandler
 .text.Reserved79_IRQHandler
                0x00002198        0x8 ./startup/startup_mcxa153.o
                0x00002198                Reserved79_IRQHandler
 .text.CMP0_IRQHandler
                0x000021a0        0x8 ./startup/startup_mcxa153.o
                0x000021a0                CMP0_IRQHandler
 .text.CMP1_IRQHandler
                0x000021a8        0x8 ./startup/startup_mcxa153.o
                0x000021a8                CMP1_IRQHandler
 .text.Reserved82_IRQHandler
                0x000021b0        0x8 ./startup/startup_mcxa153.o
                0x000021b0                Reserved82_IRQHandler
 .text.Reserved83_IRQHandler
                0x000021b8        0x8 ./startup/startup_mcxa153.o
                0x000021b8                Reserved83_IRQHandler
 .text.Reserved84_IRQHandler
                0x000021c0        0x8 ./startup/startup_mcxa153.o
                0x000021c0                Reserved84_IRQHandler
 .text.Reserved85_IRQHandler
                0x000021c8        0x8 ./startup/startup_mcxa153.o
                0x000021c8                Reserved85_IRQHandler
 .text.Reserved86_IRQHandler
                0x000021d0        0x8 ./startup/startup_mcxa153.o
                0x000021d0                Reserved86_IRQHandler
 .text.GPIO0_IRQHandler
                0x000021d8        0x8 ./startup/startup_mcxa153.o
                0x000021d8                GPIO0_IRQHandler
 .text.GPIO1_IRQHandler
                0x000021e0        0x8 ./startup/startup_mcxa153.o
                0x000021e0                GPIO1_IRQHandler
 .text.GPIO2_IRQHandler
                0x000021e8        0x8 ./startup/startup_mcxa153.o
                0x000021e8                GPIO2_IRQHandler
 .text.GPIO3_IRQHandler
                0x000021f0        0x8 ./startup/startup_mcxa153.o
                0x000021f0                GPIO3_IRQHandler
 .text.SVC_Handler
                0x000021f8       0x14 ./source/context_switch.o
                0x000021f8                SVC_Handler
 .text.activate
                0x0000220c       0x38 ./source/context_switch.o
                0x0000220c                activate
 .text.HardFault_Handler
                0x00002244       0x36 ./source/semihost_hardfault.o
                0x00002244                HardFault_Handler
 .text.syscall  0x0000227a       0x10 ./source/syscall.o
                0x0000227a                syscall
 .text.CLOCK_AttachClk
                0x0000228a       0x30 ./drivers/fsl_clock.o
                0x0000228a                CLOCK_AttachClk
 .text.RESET_ReleasePeripheralReset
                0x000022ba       0x1a ./drivers/fsl_lpuart.o
 .text.LPUART_SoftwareReset
                0x000022d4       0x2a ./drivers/fsl_lpuart.o
 .text.RESET_PeripheralReset
                0x000022fe       0x22 ./drivers/fsl_reset.o
                0x000022fe                RESET_PeripheralReset
 .text.SPC_GetActiveModeBandgapMode
                0x00002320       0x20 ./drivers/fsl_spc.o
 .text.SPC_GetActiveModeVoltageDetectStatus
                0x00002340       0x20 ./drivers/fsl_spc.o
 .text.SPC_GetActiveModeCoreLDOVDDVoltageLevel
                0x00002360       0x20 ./drivers/fsl_spc.o
 .text.SPC_GetActiveModeCoreLDODriveStrength
                0x00002380       0x20 ./drivers/fsl_spc.o
 .text.SPC_SetActiveModeCoreLDORegulatorVoltageLevel
                0x000023a0       0x60 ./drivers/fsl_spc.o
                0x000023a0                SPC_SetActiveModeCoreLDORegulatorVoltageLevel
 .text.SPC_SetActiveModeCoreLDORegulatorDriveStrength
                0x00002400       0x5e ./drivers/fsl_spc.o
                0x00002400                SPC_SetActiveModeCoreLDORegulatorDriveStrength
 .text.SystemInitHook
                0x0000245e        0xc ./device/system_MCXA153.o
                0x0000245e                SystemInitHook
 .text.HAL_UartGetStatus
                0x0000246a       0x26 ./component/uart/fsl_adapter_lpuart.o
 .text.BOARD_InitBootClocks
                0x00002490        0xc ./board/clock_config.o
                0x00002490                BOARD_InitBootClocks
 .text.BOARD_InitHardware
                0x0000249c       0x14 ./board/hardware_init.o
                0x0000249c                BOARD_InitHardware
 .text.RESET_ReleasePeripheralReset
                0x000024b0       0x1a ./board/pin_mux.o
 .text.__main   0x000024ca        0xe C:/nxp/MCUXpressoIDE_24.12.148/ide/plugins/com.nxp.mcuxpresso.tools.win32_24.12.0.202407110909/tools/bin/../lib/gcc/arm-none-eabi/13.2.1/../../../../arm-none-eabi/lib/thumb/v8-m.main/nofp\libcr_nohost_nf.a(_cr__main.o)
                0x000024ca                __main
 .text.memset   0x000024d8        0x4 C:/nxp/MCUXpressoIDE_24.12.148/ide/plugins/com.nxp.mcuxpresso.tools.win32_24.12.0.202407110909/tools/bin/../lib/gcc/arm-none-eabi/13.2.1/../../../../arm-none-eabi/lib/thumb/v8-m.main/nofp\libcr_c.a(memset.o)
                0x000024d8                memset
 .text.free     0x000024dc       0x30 C:/nxp/MCUXpressoIDE_24.12.148/ide/plugins/com.nxp.mcuxpresso.tools.win32_24.12.0.202407110909/tools/bin/../lib/gcc/arm-none-eabi/13.2.1/../../../../arm-none-eabi/lib/thumb/v8-m.main/nofp\libcr_c.a(alloc.o)
                0x000024dc                free
 .text.setvbuf  0x0000250c       0x3e C:/nxp/MCUXpressoIDE_24.12.148/ide/plugins/com.nxp.mcuxpresso.tools.win32_24.12.0.202407110909/tools/bin/../lib/gcc/arm-none-eabi/13.2.1/../../../../arm-none-eabi/lib/thumb/v8-m.main/nofp\libcr_c.a(setvbuf.o)
                0x0000250c                setvbuf
 .text.strlen   0x0000254a       0x4e C:/nxp/MCUXpressoIDE_24.12.148/ide/plugins/com.nxp.mcuxpresso.tools.win32_24.12.0.202407110909/tools/bin/../lib/gcc/arm-none-eabi/13.2.1/../../../../arm-none-eabi/lib/thumb/v8-m.main/nofp\libcr_c.a(strlen.o)
                0x0000254a                strlen
 .text._deferredlazyseek
                0x00002598       0x40 C:/nxp/MCUXpressoIDE_24.12.148/ide/plugins/com.nxp.mcuxpresso.tools.win32_24.12.0.202407110909/tools/bin/../lib/gcc/arm-none-eabi/13.2.1/../../../../arm-none-eabi/lib/thumb/v8-m.main/nofp\libcr_c.a(_deferredlazyseek.o)
                0x00002598                _deferredlazyseek
 .text._fdopen  0x000025d8       0x68 C:/nxp/MCUXpressoIDE_24.12.148/ide/plugins/com.nxp.mcuxpresso.tools.win32_24.12.0.202407110909/tools/bin/../lib/gcc/arm-none-eabi/13.2.1/../../../../arm-none-eabi/lib/thumb/v8-m.main/nofp\libcr_c.a(_fdopen.o)
                0x000025d8                _fdopen
 .text._fflush  0x00002640       0x52 C:/nxp/MCUXpressoIDE_24.12.148/ide/plugins/com.nxp.mcuxpresso.tools.win32_24.12.0.202407110909/tools/bin/../lib/gcc/arm-none-eabi/13.2.1/../../../../arm-none-eabi/lib/thumb/v8-m.main/nofp\libcr_c.a(_fflush.o)
                0x00002640                _fflush
 .text.fclose   0x00002692       0x58 C:/nxp/MCUXpressoIDE_24.12.148/ide/plugins/com.nxp.mcuxpresso.tools.win32_24.12.0.202407110909/tools/bin/../lib/gcc/arm-none-eabi/13.2.1/../../../../arm-none-eabi/lib/thumb/v8-m.main/nofp\libcr_c.a(fclose.o)
                0x00002692                fclose
 .text.remove   0x000026ea       0x14 C:/nxp/MCUXpressoIDE_24.12.148/ide/plugins/com.nxp.mcuxpresso.tools.win32_24.12.0.202407110909/tools/bin/../lib/gcc/arm-none-eabi/13.2.1/../../../../arm-none-eabi/lib/thumb/v8-m.main/nofp\libcr_c.a(remove.o)
                0x000026ea                remove
 .text._do_fflush
                0x000026fe       0x40 C:/nxp/MCUXpressoIDE_24.12.148/ide/plugins/com.nxp.mcuxpresso.tools.win32_24.12.0.202407110909/tools/bin/../lib/gcc/arm-none-eabi/13.2.1/../../../../arm-none-eabi/lib/thumb/v8-m.main/nofp\libcr_c.a(_do_fflush.o)
                0x000026fe                _do_fflush
 .text.__aeabi_memset_lowlevel
                0x0000273e       0x32 C:/nxp/MCUXpressoIDE_24.12.148/ide/plugins/com.nxp.mcuxpresso.tools.win32_24.12.0.202407110909/tools/bin/../lib/gcc/arm-none-eabi/13.2.1/thumb/v8-m.main/nofp\libcr_eabihelpers.a(memcpy.o)
                0x0000273e                __aeabi_lowlevel_memset
 .text.__sys_close
                0x00002770        0x6 C:/nxp/MCUXpressoIDE_24.12.148/ide/plugins/com.nxp.mcuxpresso.tools.win32_24.12.0.202407110909/tools/bin/../lib/gcc/arm-none-eabi/13.2.1/../../../../arm-none-eabi/lib/thumb/v8-m.main/nofp\libcr_nohost_nf.a(__sys_close.o)
                0x00002770                __sys_close
 .text.__sys_flen
                0x00002776        0x6 C:/nxp/MCUXpressoIDE_24.12.148/ide/plugins/com.nxp.mcuxpresso.tools.win32_24.12.0.202407110909/tools/bin/../lib/gcc/arm-none-eabi/13.2.1/../../../../arm-none-eabi/lib/thumb/v8-m.main/nofp\libcr_nohost_nf.a(__sys_flen.o)
                0x00002776                __sys_flen
 .text.__sys_istty
                0x0000277c        0x6 C:/nxp/MCUXpressoIDE_24.12.148/ide/plugins/com.nxp.mcuxpresso.tools.win32_24.12.0.202407110909/tools/bin/../lib/gcc/arm-none-eabi/13.2.1/../../../../arm-none-eabi/lib/thumb/v8-m.main/nofp\libcr_nohost_nf.a(__sys_istty.o)
                0x0000277c                __sys_istty
 .text.__sys_remove
                0x00002782        0x6 C:/nxp/MCUXpressoIDE_24.12.148/ide/plugins/com.nxp.mcuxpresso.tools.win32_24.12.0.202407110909/tools/bin/../lib/gcc/arm-none-eabi/13.2.1/../../../../arm-none-eabi/lib/thumb/v8-m.main/nofp\libcr_nohost_nf.a(__sys_remove.o)
                0x00002782                __sys_remove
 .text.__sys_seek
                0x00002788        0x6 C:/nxp/MCUXpressoIDE_24.12.148/ide/plugins/com.nxp.mcuxpresso.tools.win32_24.12.0.202407110909/tools/bin/../lib/gcc/arm-none-eabi/13.2.1/../../../../arm-none-eabi/lib/thumb/v8-m.main/nofp\libcr_nohost_nf.a(__sys_seek.o)
                0x00002788                __sys_seek
 .text.__sys_tmpnam
                0x0000278e        0x6 C:/nxp/MCUXpressoIDE_24.12.148/ide/plugins/com.nxp.mcuxpresso.tools.win32_24.12.0.202407110909/tools/bin/../lib/gcc/arm-none-eabi/13.2.1/../../../../arm-none-eabi/lib/thumb/v8-m.main/nofp\libcr_nohost_nf.a(__sys_tmpnam.o)
                0x0000278e                __sys_tmpnam
 .text.__sys_write
                0x00002794        0x4 C:/nxp/MCUXpressoIDE_24.12.148/ide/plugins/com.nxp.mcuxpresso.tools.win32_24.12.0.202407110909/tools/bin/../lib/gcc/arm-none-eabi/13.2.1/../../../../arm-none-eabi/lib/thumb/v8-m.main/nofp\libcr_nohost_nf.a(__sys_write.o)
                0x00002794                __sys_write
 *(SORT_BY_ALIGNMENT(.rodata) SORT_BY_ALIGNMENT(.rodata.*) SORT_BY_ALIGNMENT(.constdata) SORT_BY_ALIGNMENT(.constdata.*))
 .rodata.__assertion_failed.str1.4
                0x00002798      0x65a ./utilities/fsl_assert.o
                                 0x14 (size before relaxing)
 .rodata.usertask.str1.4
                0x00002df2       0x6e ./source/ContextSwitch-2.o
 .rodata.main.str1.4
                0x00002df2       0xa4 ./source/ContextSwitch-2.o
 .rodata.CLOCK_SetClockSelect.str1.4
                0x00002df2       0x2c ./drivers/fsl_clock.o
 .rodata.CLOCK_SetClockDiv.str1.4
                0x00002df2       0x2c ./drivers/fsl_clock.o
 *fill*         0x00002df2        0x2 ff
 .rodata.s_lpuartBases
                0x00002df4        0xc ./drivers/fsl_lpuart.o
 .rodata.s_lpuartClock
                0x00002e00        0xc ./drivers/fsl_lpuart.o
 .rodata.s_lpuartResets
                0x00002e0c        0x6 ./drivers/fsl_lpuart.o
 .rodata.LPUART_GetInstance.str1.4
                0x00002e12       0x38 ./drivers/fsl_lpuart.o
 .rodata.LPUART_Init.str1.4
                0x00002e12      0x10a ./drivers/fsl_lpuart.o
 .rodata.LPUART_GetDefaultConfig.str1.4
                0x00002e12       0x22 ./drivers/fsl_lpuart.o
 .rodata.LPUART_WriteBlocking.str1.4
                0x00002e12       0x21 ./drivers/fsl_lpuart.o
 .rodata.LPUART_ReadBlocking.str1.4
                0x00002e12       0x21 ./drivers/fsl_lpuart.o
 .rodata.RESET_SetPeripheralReset.str1.4
                0x00002e12       0x3f ./drivers/fsl_reset.o
 .rodata.RESET_ClearPeripheralReset.str1.4
                0x00002e12       0x1e ./drivers/fsl_reset.o
 .rodata.SPC_SetSRAMOperateVoltage.str1.4
                0x00002e12       0x1f ./drivers/fsl_spc.o
 .rodata.SPC_SetActiveModeCoreLDORegulatorConfig.str1.4
                0x00002e12       0x1f ./drivers/fsl_spc.o
 *fill*         0x00002e12        0x2 ff
 .rodata.s_LpuartAdapterBase
                0x00002e14        0xc ./component/uart/fsl_adapter_lpuart.o
 .rodata.HAL_UartInit.str1.4
                0x00002e20      0x116 ./component/uart/fsl_adapter_lpuart.o
 .rodata.HAL_UartReceiveBlocking.str1.4
                0x00002e20       0x7b ./component/uart/fsl_adapter_lpuart.o
 .rodata.HAL_UartSendBlocking.str1.4
                0x00002e20       0x7b ./component/uart/fsl_adapter_lpuart.o
 .rodata.PORT_SetPinConfig.str1.4
                0x00002e20       0x7a ./board/pin_mux.o
 .rodata.__num_Ciob_streams
                0x00002e20        0x4 C:/nxp/MCUXpressoIDE_24.12.148/ide/plugins/com.nxp.mcuxpresso.tools.win32_24.12.0.202407110909/tools/bin/../lib/gcc/arm-none-eabi/13.2.1/../../../../arm-none-eabi/lib/thumb/v8-m.main/nofp\libcr_nohost_nf.a(__ciob.o)
                0x00002e20                __num_Ciob_streams
 .rodata._initio.str1.1
                0x00002e24        0x4 C:/nxp/MCUXpressoIDE_24.12.148/ide/plugins/com.nxp.mcuxpresso.tools.win32_24.12.0.202407110909/tools/bin/../lib/gcc/arm-none-eabi/13.2.1/../../../../arm-none-eabi/lib/thumb/v8-m.main/nofp\libcr_c.a(initio.o)
                0x00002f38                        . = ALIGN (0x4)

.glue_7         0x00002e28        0x0
 .glue_7        0x00002e28        0x0 linker stubs

.glue_7t        0x00002e28        0x0
 .glue_7t       0x00002e28        0x0 linker stubs

.vfp11_veneer   0x00002e28        0x0
 .vfp11_veneer  0x00002e28        0x0 linker stubs

.v4_bx          0x00002e28        0x0
 .v4_bx         0x00002e28        0x0 linker stubs

.iplt           0x00002e28        0x0
 .iplt          0x00002e28        0x0 ./utilities/debug_console_lite/fsl_debug_console.o

.rel.dyn        0x00002e28        0x0
 .rel.iplt      0x00002e28        0x0 ./utilities/debug_console_lite/fsl_debug_console.o

.ARM.extab
 *(SORT_BY_ALIGNMENT(.ARM.extab*) SORT_BY_ALIGNMENT(.gnu.linkonce.armextab.*))

.ARM.exidx      0x00002e28        0x0
                0x00002e28                        __exidx_start = .
 *(SORT_BY_ALIGNMENT(.ARM.exidx*) SORT_BY_ALIGNMENT(.gnu.linkonce.armexidx.*))
                0x00002e28                        __exidx_end = .
                0x00002e28                        _etext = .

.data_RAM2      0x04000000        0x0 load address 0x00002e28
 FILL mask 0xff
                [!provide]                        PROVIDE (__start_data_RAM2 = .)
                [!provide]                        PROVIDE (__start_data_SRAMX0 = .)
 *(SORT_BY_ALIGNMENT(.ramfunc.$RAM2))
 *(SORT_BY_ALIGNMENT(.ramfunc.$SRAMX0))
 *(SORT_BY_ALIGNMENT(.data.$RAM2))
 *(SORT_BY_ALIGNMENT(.data.$SRAMX0))
 *(SORT_BY_ALIGNMENT(.data.$RAM2.*))
 *(SORT_BY_ALIGNMENT(.data.$SRAMX0.*))
                0x04000000                        . = ALIGN (0x4)
                [!provide]                        PROVIDE (__end_data_RAM2 = .)
                [!provide]                        PROVIDE (__end_data_SRAMX0 = .)

.data_RAM3      0x04002000        0x0 load address 0x00002e28
 FILL mask 0xff
                [!provide]                        PROVIDE (__start_data_RAM3 = .)
                [!provide]                        PROVIDE (__start_data_SRAMX1 = .)
 *(SORT_BY_ALIGNMENT(.ramfunc.$RAM3))
 *(SORT_BY_ALIGNMENT(.ramfunc.$SRAMX1))
 *(SORT_BY_ALIGNMENT(.data.$RAM3))
 *(SORT_BY_ALIGNMENT(.data.$SRAMX1))
 *(SORT_BY_ALIGNMENT(.data.$RAM3.*))
 *(SORT_BY_ALIGNMENT(.data.$SRAMX1.*))
                0x04002000                        . = ALIGN (0x4)
                [!provide]                        PROVIDE (__end_data_RAM3 = .)
                [!provide]                        PROVIDE (__end_data_SRAMX1 = .)

.uninit_RESERVED
                0x20000000        0x0
                0x20000000                        _start_uninit_RESERVED = .
 *(SORT_BY_ALIGNMENT(.bss.$RESERVED*))
                0x20000000                        . = ALIGN (0x4)
                0x20000000                        _end_uninit_RESERVED = .

.data           0x20000000        0xc load address 0x00002e28
 FILL mask 0xff
                0x20000000                        _data = .
                [!provide]                        PROVIDE (__start_data_RAM = .)
                [!provide]                        PROVIDE (__start_data_SRAM = .)
 *(SORT_BY_ALIGNMENT(vtable))
 *(SORT_BY_ALIGNMENT(.ramfunc*))
 *(SORT_BY_ALIGNMENT(CodeQuickAccess))
 *(SORT_BY_ALIGNMENT(DataQuickAccess))
 *(SORT_BY_ALIGNMENT(RamFunction))
 *(SORT_BY_ALIGNMENT(.data*))
 .data.usertask_stack_start
                0x20000000        0x4 ./source/ContextSwitch-2.o
                0x20000000                usertask_stack_start
 .data.s_Ext_Clk_Freq
                0x20000004        0x4 ./drivers/fsl_clock.o
 .data.SystemCoreClock
                0x20000008        0x4 ./device/system_MCXA153.o
                0x20000008                SystemCoreClock
                0x2000000c                        . = ALIGN (0x4)
                0x2000000c                        _edata = .
                [!provide]                        PROVIDE (__end_data_RAM = .)
                [!provide]                        PROVIDE (__end_data_SRAM = .)

.igot.plt       0x2000000c        0x0 load address 0x00002e34
 .igot.plt      0x2000000c        0x0 ./utilities/debug_console_lite/fsl_debug_console.o

.bss_RAM2       0x04000000        0x0
                [!provide]                        PROVIDE (__start_bss_RAM2 = .)
                [!provide]                        PROVIDE (__start_bss_SRAMX0 = .)
 *(SORT_BY_ALIGNMENT(.bss.$RAM2))
 *(SORT_BY_ALIGNMENT(.bss.$SRAMX0))
 *(SORT_BY_ALIGNMENT(.bss.$RAM2.*))
 *(SORT_BY_ALIGNMENT(.bss.$SRAMX0.*))
                0x04000000                        . = ALIGN ((. != 0x0)?0x4:0x1)
                [!provide]                        PROVIDE (__end_bss_RAM2 = .)
                [!provide]                        PROVIDE (__end_bss_SRAMX0 = .)

.bss_RAM3       0x04002000        0x0
                [!provide]                        PROVIDE (__start_bss_RAM3 = .)
                [!provide]                        PROVIDE (__start_bss_SRAMX1 = .)
 *(SORT_BY_ALIGNMENT(.bss.$RAM3))
 *(SORT_BY_ALIGNMENT(.bss.$SRAMX1))
 *(SORT_BY_ALIGNMENT(.bss.$RAM3.*))
 *(SORT_BY_ALIGNMENT(.bss.$SRAMX1.*))
                0x04002000                        . = ALIGN ((. != 0x0)?0x4:0x1)
                [!provide]                        PROVIDE (__end_bss_RAM3 = .)
                [!provide]                        PROVIDE (__end_bss_SRAMX1 = .)

.bss            0x2000000c      0x4e4
                0x2000000c                        _bss = .
                [!provide]                        PROVIDE (__start_bss_RAM = .)
                [!provide]                        PROVIDE (__start_bss_SRAM = .)
 *(SORT_BY_ALIGNMENT(.bss*))
 .bss.s_debugConsole
                0x2000000c       0x14 ./utilities/debug_console_lite/fsl_debug_console.o
 .bss.usertask_stack
                0x20000020      0x400 ./source/ContextSwitch-2.o
                0x20000020                usertask_stack
 .bss.s_lpuartHandle
                0x20000420        0xc ./drivers/fsl_lpuart.o
                0x20000420                s_lpuartHandle
 .bss.s_lpuartIsr
                0x2000042c        0xc ./drivers/fsl_lpuart.o
                0x2000042c                s_lpuartIsr
 .bss.errno     0x20000438        0x4 C:/nxp/MCUXpressoIDE_24.12.148/ide/plugins/com.nxp.mcuxpresso.tools.win32_24.12.0.202407110909/tools/bin/../lib/gcc/arm-none-eabi/13.2.1/../../../../arm-none-eabi/lib/thumb/v8-m.main/nofp\libcr_c.a(errno.o)
                0x20000438                errno
 .bss.__Ciob    0x2000043c       0xb4 C:/nxp/MCUXpressoIDE_24.12.148/ide/plugins/com.nxp.mcuxpresso.tools.win32_24.12.0.202407110909/tools/bin/../lib/gcc/arm-none-eabi/13.2.1/../../../../arm-none-eabi/lib/thumb/v8-m.main/nofp\libcr_nohost_nf.a(__ciob.o)
                0x2000043c                __Ciob
 *(SORT_BY_ALIGNMENT(COMMON))
                0x200004f0                        . = ALIGN (0x4)
                0x200004f0                        _ebss = .
                [!provide]                        PROVIDE (__end_bss_RAM = .)
                [!provide]                        PROVIDE (__end_bss_SRAM = .)
                [!provide]                        PROVIDE (end = .)

.noinit_RAM2    0x04000000        0x0
                [!provide]                        PROVIDE (__start_noinit_RAM2 = .)
                [!provide]                        PROVIDE (__start_noinit_SRAMX0 = .)
 *(SORT_BY_ALIGNMENT(.noinit.$RAM2))
 *(SORT_BY_ALIGNMENT(.noinit.$SRAMX0))
 *(SORT_BY_ALIGNMENT(.noinit.$RAM2.*))
 *(SORT_BY_ALIGNMENT(.noinit.$SRAMX0.*))
                0x04000000                        . = ALIGN (0x4)
                [!provide]                        PROVIDE (__end_noinit_RAM2 = .)
                [!provide]                        PROVIDE (__end_noinit_SRAMX0 = .)

.noinit_RAM3    0x04002000        0x0
                [!provide]                        PROVIDE (__start_noinit_RAM3 = .)
                [!provide]                        PROVIDE (__start_noinit_SRAMX1 = .)
 *(SORT_BY_ALIGNMENT(.noinit.$RAM3))
 *(SORT_BY_ALIGNMENT(.noinit.$SRAMX1))
 *(SORT_BY_ALIGNMENT(.noinit.$RAM3.*))
 *(SORT_BY_ALIGNMENT(.noinit.$SRAMX1.*))
                0x04002000                        . = ALIGN (0x4)
                [!provide]                        PROVIDE (__end_noinit_RAM3 = .)
                [!provide]                        PROVIDE (__end_noinit_SRAMX1 = .)

.noinit         0x200004f0        0x0
                0x200004f0                        _noinit = .
                [!provide]                        PROVIDE (__start_noinit_RAM = .)
                [!provide]                        PROVIDE (__start_noinit_SRAM = .)
 *(SORT_BY_ALIGNMENT(.noinit*))
                0x200004f0                        . = ALIGN (0x4)
                0x200004f0                        _end_noinit = .
                [!provide]                        PROVIDE (__end_noinit_RAM = .)
                [!provide]                        PROVIDE (__end_noinit_SRAM = .)
                0x00000600                        _HeapSize = 0x600

.heap           0x200004f0      0x600
                0x200004f0                        _pvHeapStart = .
                0x20000af0                        . = (. + _HeapSize)
 *fill*         0x200004f0      0x600 
                0x20000af0                        . = ALIGN (0x4)
                0x20000af0                        _pvHeapLimit = .
                0x00000600                        _StackSize = 0x600

.heap2stackfill
                0x20000af0      0x600
                0x200010f0                        . = (. + _StackSize)
 *fill*         0x20000af0      0x600 

.stack          0x20005a00        0x0
                0x20005a00                        _vStackBase = .
                0x20005a00                        . = ALIGN (0x4)
                0x20006000                        _vStackTop = (. + _StackSize)
                0x00000000                        _image_start = LOADADDR (.text)
                0x00002e34                        _image_end = (LOADADDR (.data) + SIZEOF (.data))
                0x00002e34                        _image_size = (_image_end - _image_start)
OUTPUT(frdmmcxa153_ContextSwitch-2.axf elf32-littlearm)
LOAD linker stubs

.debug_info     0x00000000     0xeb5f
 .debug_info    0x00000000      0xd8f ./utilities/debug_console_lite/fsl_debug_console.o
 .debug_info    0x00000d8f      0x127 ./utilities/fsl_assert.o
 .debug_info    0x00000eb6       0x24 ./utilities/fsl_memcpy.o
 .debug_info    0x00000eda      0xb86 ./startup/startup_mcxa153.o
 .debug_info    0x00001a60      0x4d5 ./source/ContextSwitch-2.o
 .debug_info    0x00001f35       0x73 ./source/context_switch.o
 .debug_info    0x00001fa8       0x3c ./source/semihost_hardfault.o
 .debug_info    0x00001fe4       0x3c ./source/syscall.o
 .debug_info    0x00002020     0x20b1 ./drivers/fsl_clock.o
 .debug_info    0x000040d1     0x2c92 ./drivers/fsl_lpuart.o
 .debug_info    0x00006d63      0xa36 ./drivers/fsl_reset.o
 .debug_info    0x00007799      0xfe3 ./drivers/fsl_spc.o
 .debug_info    0x0000877c      0xc6a ./device/system_MCXA153.o
 .debug_info    0x000093e6      0xc9d ./component/uart/fsl_adapter_lpuart.o
 .debug_info    0x0000a083      0x6dc ./board/board.o
 .debug_info    0x0000a75f      0xada ./board/clock_config.o
 .debug_info    0x0000b239       0x9a ./board/hardware_init.o
 .debug_info    0x0000b2d3      0xf40 ./board/pin_mux.o
 .debug_info    0x0000c213       0x85 C:/nxp/MCUXpressoIDE_24.12.148/ide/plugins/com.nxp.mcuxpresso.tools.win32_24.12.0.202407110909/tools/bin/../lib/gcc/arm-none-eabi/13.2.1/../../../../arm-none-eabi/lib/thumb/v8-m.main/nofp\libcr_nohost_nf.a(_cr__main.o)
 .debug_info    0x0000c298       0xfc C:/nxp/MCUXpressoIDE_24.12.148/ide/plugins/com.nxp.mcuxpresso.tools.win32_24.12.0.202407110909/tools/bin/../lib/gcc/arm-none-eabi/13.2.1/../../../../arm-none-eabi/lib/thumb/v8-m.main/nofp\libcr_c.a(memset.o)
 .debug_info    0x0000c394      0x520 C:/nxp/MCUXpressoIDE_24.12.148/ide/plugins/com.nxp.mcuxpresso.tools.win32_24.12.0.202407110909/tools/bin/../lib/gcc/arm-none-eabi/13.2.1/../../../../arm-none-eabi/lib/thumb/v8-m.main/nofp\libcr_c.a(alloc.o)
 .debug_info    0x0000c8b4       0x44 C:/nxp/MCUXpressoIDE_24.12.148/ide/plugins/com.nxp.mcuxpresso.tools.win32_24.12.0.202407110909/tools/bin/../lib/gcc/arm-none-eabi/13.2.1/../../../../arm-none-eabi/lib/thumb/v8-m.main/nofp\libcr_c.a(errno.o)
 .debug_info    0x0000c8f8      0x339 C:/nxp/MCUXpressoIDE_24.12.148/ide/plugins/com.nxp.mcuxpresso.tools.win32_24.12.0.202407110909/tools/bin/../lib/gcc/arm-none-eabi/13.2.1/../../../../arm-none-eabi/lib/thumb/v8-m.main/nofp\libcr_c.a(initio.o)
 .debug_info    0x0000cc31      0x1fd C:/nxp/MCUXpressoIDE_24.12.148/ide/plugins/com.nxp.mcuxpresso.tools.win32_24.12.0.202407110909/tools/bin/../lib/gcc/arm-none-eabi/13.2.1/../../../../arm-none-eabi/lib/thumb/v8-m.main/nofp\libcr_c.a(setvbuf.o)
 .debug_info    0x0000ce2e       0xe1 C:/nxp/MCUXpressoIDE_24.12.148/ide/plugins/com.nxp.mcuxpresso.tools.win32_24.12.0.202407110909/tools/bin/../lib/gcc/arm-none-eabi/13.2.1/../../../../arm-none-eabi/lib/thumb/v8-m.main/nofp\libcr_c.a(strlen.o)
 .debug_info    0x0000cf0f      0x369 C:/nxp/MCUXpressoIDE_24.12.148/ide/plugins/com.nxp.mcuxpresso.tools.win32_24.12.0.202407110909/tools/bin/../lib/gcc/arm-none-eabi/13.2.1/../../../../arm-none-eabi/lib/thumb/v8-m.main/nofp\libcr_c.a(_deferredlazyseek.o)
 .debug_info    0x0000d278      0x24b C:/nxp/MCUXpressoIDE_24.12.148/ide/plugins/com.nxp.mcuxpresso.tools.win32_24.12.0.202407110909/tools/bin/../lib/gcc/arm-none-eabi/13.2.1/../../../../arm-none-eabi/lib/thumb/v8-m.main/nofp\libcr_c.a(_fdopen.o)
 .debug_info    0x0000d4c3      0x1e3 C:/nxp/MCUXpressoIDE_24.12.148/ide/plugins/com.nxp.mcuxpresso.tools.win32_24.12.0.202407110909/tools/bin/../lib/gcc/arm-none-eabi/13.2.1/../../../../arm-none-eabi/lib/thumb/v8-m.main/nofp\libcr_c.a(_fflush.o)
 .debug_info    0x0000d6a6      0x289 C:/nxp/MCUXpressoIDE_24.12.148/ide/plugins/com.nxp.mcuxpresso.tools.win32_24.12.0.202407110909/tools/bin/../lib/gcc/arm-none-eabi/13.2.1/../../../../arm-none-eabi/lib/thumb/v8-m.main/nofp\libcr_c.a(_writebuf.o)
 .debug_info    0x0000d92f      0x318 C:/nxp/MCUXpressoIDE_24.12.148/ide/plugins/com.nxp.mcuxpresso.tools.win32_24.12.0.202407110909/tools/bin/../lib/gcc/arm-none-eabi/13.2.1/../../../../arm-none-eabi/lib/thumb/v8-m.main/nofp\libcr_c.a(fclose.o)
 .debug_info    0x0000dc47      0x209 C:/nxp/MCUXpressoIDE_24.12.148/ide/plugins/com.nxp.mcuxpresso.tools.win32_24.12.0.202407110909/tools/bin/../lib/gcc/arm-none-eabi/13.2.1/../../../../arm-none-eabi/lib/thumb/v8-m.main/nofp\libcr_c.a(fflush.o)
 .debug_info    0x0000de50      0x276 C:/nxp/MCUXpressoIDE_24.12.148/ide/plugins/com.nxp.mcuxpresso.tools.win32_24.12.0.202407110909/tools/bin/../lib/gcc/arm-none-eabi/13.2.1/../../../../arm-none-eabi/lib/thumb/v8-m.main/nofp\libcr_c.a(fseek.o)
 .debug_info    0x0000e0c6      0x197 C:/nxp/MCUXpressoIDE_24.12.148/ide/plugins/com.nxp.mcuxpresso.tools.win32_24.12.0.202407110909/tools/bin/../lib/gcc/arm-none-eabi/13.2.1/../../../../arm-none-eabi/lib/thumb/v8-m.main/nofp\libcr_c.a(ftell.o)
 .debug_info    0x0000e25d      0x1d7 C:/nxp/MCUXpressoIDE_24.12.148/ide/plugins/com.nxp.mcuxpresso.tools.win32_24.12.0.202407110909/tools/bin/../lib/gcc/arm-none-eabi/13.2.1/../../../../arm-none-eabi/lib/thumb/v8-m.main/nofp\libcr_c.a(remove.o)
 .debug_info    0x0000e434      0x23a C:/nxp/MCUXpressoIDE_24.12.148/ide/plugins/com.nxp.mcuxpresso.tools.win32_24.12.0.202407110909/tools/bin/../lib/gcc/arm-none-eabi/13.2.1/../../../../arm-none-eabi/lib/thumb/v8-m.main/nofp\libcr_c.a(_do_fflush.o)
 .debug_info    0x0000e66e      0x18b C:/nxp/MCUXpressoIDE_24.12.148/ide/plugins/com.nxp.mcuxpresso.tools.win32_24.12.0.202407110909/tools/bin/../lib/gcc/arm-none-eabi/13.2.1/../../../../arm-none-eabi/lib/thumb/v8-m.main/nofp\libcr_nohost_nf.a(__ciob.o)
 .debug_info    0x0000e7f9       0x6a C:/nxp/MCUXpressoIDE_24.12.148/ide/plugins/com.nxp.mcuxpresso.tools.win32_24.12.0.202407110909/tools/bin/../lib/gcc/arm-none-eabi/13.2.1/../../../../arm-none-eabi/lib/thumb/v8-m.main/nofp\libcr_nohost_nf.a(__sys_close.o)
 .debug_info    0x0000e863       0x6a C:/nxp/MCUXpressoIDE_24.12.148/ide/plugins/com.nxp.mcuxpresso.tools.win32_24.12.0.202407110909/tools/bin/../lib/gcc/arm-none-eabi/13.2.1/../../../../arm-none-eabi/lib/thumb/v8-m.main/nofp\libcr_nohost_nf.a(__sys_flen.o)
 .debug_info    0x0000e8cd       0x6a C:/nxp/MCUXpressoIDE_24.12.148/ide/plugins/com.nxp.mcuxpresso.tools.win32_24.12.0.202407110909/tools/bin/../lib/gcc/arm-none-eabi/13.2.1/../../../../arm-none-eabi/lib/thumb/v8-m.main/nofp\libcr_nohost_nf.a(__sys_istty.o)
 .debug_info    0x0000e937       0x8a C:/nxp/MCUXpressoIDE_24.12.148/ide/plugins/com.nxp.mcuxpresso.tools.win32_24.12.0.202407110909/tools/bin/../lib/gcc/arm-none-eabi/13.2.1/../../../../arm-none-eabi/lib/thumb/v8-m.main/nofp\libcr_nohost_nf.a(__sys_remove.o)
 .debug_info    0x0000e9c1       0x78 C:/nxp/MCUXpressoIDE_24.12.148/ide/plugins/com.nxp.mcuxpresso.tools.win32_24.12.0.202407110909/tools/bin/../lib/gcc/arm-none-eabi/13.2.1/../../../../arm-none-eabi/lib/thumb/v8-m.main/nofp\libcr_nohost_nf.a(__sys_seek.o)
 .debug_info    0x0000ea39       0x93 C:/nxp/MCUXpressoIDE_24.12.148/ide/plugins/com.nxp.mcuxpresso.tools.win32_24.12.0.202407110909/tools/bin/../lib/gcc/arm-none-eabi/13.2.1/../../../../arm-none-eabi/lib/thumb/v8-m.main/nofp\libcr_nohost_nf.a(__sys_tmpnam.o)
 .debug_info    0x0000eacc       0x93 C:/nxp/MCUXpressoIDE_24.12.148/ide/plugins/com.nxp.mcuxpresso.tools.win32_24.12.0.202407110909/tools/bin/../lib/gcc/arm-none-eabi/13.2.1/../../../../arm-none-eabi/lib/thumb/v8-m.main/nofp\libcr_nohost_nf.a(__sys_write.o)

.debug_abbrev   0x00000000     0x305e
 .debug_abbrev  0x00000000      0x256 ./utilities/debug_console_lite/fsl_debug_console.o
 .debug_abbrev  0x00000256       0xbd ./utilities/fsl_assert.o
 .debug_abbrev  0x00000313       0x14 ./utilities/fsl_memcpy.o
 .debug_abbrev  0x00000327      0x134 ./startup/startup_mcxa153.o
 .debug_abbrev  0x0000045b      0x104 ./source/ContextSwitch-2.o
 .debug_abbrev  0x0000055f       0x74 ./source/context_switch.o
 .debug_abbrev  0x000005d3       0x31 ./source/semihost_hardfault.o
 .debug_abbrev  0x00000604       0x31 ./source/syscall.o
 .debug_abbrev  0x00000635      0x31f ./drivers/fsl_clock.o
 .debug_abbrev  0x00000954      0x484 ./drivers/fsl_lpuart.o
 .debug_abbrev  0x00000dd8      0x13d ./drivers/fsl_reset.o
 .debug_abbrev  0x00000f15      0x2d1 ./drivers/fsl_spc.o
 .debug_abbrev  0x000011e6      0x17f ./device/system_MCXA153.o
 .debug_abbrev  0x00001365      0x1e7 ./component/uart/fsl_adapter_lpuart.o
 .debug_abbrev  0x0000154c       0xf2 ./board/board.o
 .debug_abbrev  0x0000163e      0x204 ./board/clock_config.o
 .debug_abbrev  0x00001842       0x5a ./board/hardware_init.o
 .debug_abbrev  0x0000189c      0x252 ./board/pin_mux.o
 .debug_abbrev  0x00001aee       0x70 C:/nxp/MCUXpressoIDE_24.12.148/ide/plugins/com.nxp.mcuxpresso.tools.win32_24.12.0.202407110909/tools/bin/../lib/gcc/arm-none-eabi/13.2.1/../../../../arm-none-eabi/lib/thumb/v8-m.main/nofp\libcr_nohost_nf.a(_cr__main.o)
 .debug_abbrev  0x00001b5e       0xa8 C:/nxp/MCUXpressoIDE_24.12.148/ide/plugins/com.nxp.mcuxpresso.tools.win32_24.12.0.202407110909/tools/bin/../lib/gcc/arm-none-eabi/13.2.1/../../../../arm-none-eabi/lib/thumb/v8-m.main/nofp\libcr_c.a(memset.o)
 .debug_abbrev  0x00001c06      0x284 C:/nxp/MCUXpressoIDE_24.12.148/ide/plugins/com.nxp.mcuxpresso.tools.win32_24.12.0.202407110909/tools/bin/../lib/gcc/arm-none-eabi/13.2.1/../../../../arm-none-eabi/lib/thumb/v8-m.main/nofp\libcr_c.a(alloc.o)
 .debug_abbrev  0x00001e8a       0x44 C:/nxp/MCUXpressoIDE_24.12.148/ide/plugins/com.nxp.mcuxpresso.tools.win32_24.12.0.202407110909/tools/bin/../lib/gcc/arm-none-eabi/13.2.1/../../../../arm-none-eabi/lib/thumb/v8-m.main/nofp\libcr_c.a(errno.o)
 .debug_abbrev  0x00001ece      0x169 C:/nxp/MCUXpressoIDE_24.12.148/ide/plugins/com.nxp.mcuxpresso.tools.win32_24.12.0.202407110909/tools/bin/../lib/gcc/arm-none-eabi/13.2.1/../../../../arm-none-eabi/lib/thumb/v8-m.main/nofp\libcr_c.a(initio.o)
 .debug_abbrev  0x00002037       0xe1 C:/nxp/MCUXpressoIDE_24.12.148/ide/plugins/com.nxp.mcuxpresso.tools.win32_24.12.0.202407110909/tools/bin/../lib/gcc/arm-none-eabi/13.2.1/../../../../arm-none-eabi/lib/thumb/v8-m.main/nofp\libcr_c.a(setvbuf.o)
 .debug_abbrev  0x00002118       0xa7 C:/nxp/MCUXpressoIDE_24.12.148/ide/plugins/com.nxp.mcuxpresso.tools.win32_24.12.0.202407110909/tools/bin/../lib/gcc/arm-none-eabi/13.2.1/../../../../arm-none-eabi/lib/thumb/v8-m.main/nofp\libcr_c.a(strlen.o)
 .debug_abbrev  0x000021bf      0x152 C:/nxp/MCUXpressoIDE_24.12.148/ide/plugins/com.nxp.mcuxpresso.tools.win32_24.12.0.202407110909/tools/bin/../lib/gcc/arm-none-eabi/13.2.1/../../../../arm-none-eabi/lib/thumb/v8-m.main/nofp\libcr_c.a(_deferredlazyseek.o)
 .debug_abbrev  0x00002311      0x119 C:/nxp/MCUXpressoIDE_24.12.148/ide/plugins/com.nxp.mcuxpresso.tools.win32_24.12.0.202407110909/tools/bin/../lib/gcc/arm-none-eabi/13.2.1/../../../../arm-none-eabi/lib/thumb/v8-m.main/nofp\libcr_c.a(_fdopen.o)
 .debug_abbrev  0x0000242a       0xf1 C:/nxp/MCUXpressoIDE_24.12.148/ide/plugins/com.nxp.mcuxpresso.tools.win32_24.12.0.202407110909/tools/bin/../lib/gcc/arm-none-eabi/13.2.1/../../../../arm-none-eabi/lib/thumb/v8-m.main/nofp\libcr_c.a(_fflush.o)
 .debug_abbrev  0x0000251b      0x126 C:/nxp/MCUXpressoIDE_24.12.148/ide/plugins/com.nxp.mcuxpresso.tools.win32_24.12.0.202407110909/tools/bin/../lib/gcc/arm-none-eabi/13.2.1/../../../../arm-none-eabi/lib/thumb/v8-m.main/nofp\libcr_c.a(_writebuf.o)
 .debug_abbrev  0x00002641      0x155 C:/nxp/MCUXpressoIDE_24.12.148/ide/plugins/com.nxp.mcuxpresso.tools.win32_24.12.0.202407110909/tools/bin/../lib/gcc/arm-none-eabi/13.2.1/../../../../arm-none-eabi/lib/thumb/v8-m.main/nofp\libcr_c.a(fclose.o)
 .debug_abbrev  0x00002796      0x125 C:/nxp/MCUXpressoIDE_24.12.148/ide/plugins/com.nxp.mcuxpresso.tools.win32_24.12.0.202407110909/tools/bin/../lib/gcc/arm-none-eabi/13.2.1/../../../../arm-none-eabi/lib/thumb/v8-m.main/nofp\libcr_c.a(fflush.o)
 .debug_abbrev  0x000028bb      0x11b C:/nxp/MCUXpressoIDE_24.12.148/ide/plugins/com.nxp.mcuxpresso.tools.win32_24.12.0.202407110909/tools/bin/../lib/gcc/arm-none-eabi/13.2.1/../../../../arm-none-eabi/lib/thumb/v8-m.main/nofp\libcr_c.a(fseek.o)
 .debug_abbrev  0x000029d6       0xc2 C:/nxp/MCUXpressoIDE_24.12.148/ide/plugins/com.nxp.mcuxpresso.tools.win32_24.12.0.202407110909/tools/bin/../lib/gcc/arm-none-eabi/13.2.1/../../../../arm-none-eabi/lib/thumb/v8-m.main/nofp\libcr_c.a(ftell.o)
 .debug_abbrev  0x00002a98       0xfb C:/nxp/MCUXpressoIDE_24.12.148/ide/plugins/com.nxp.mcuxpresso.tools.win32_24.12.0.202407110909/tools/bin/../lib/gcc/arm-none-eabi/13.2.1/../../../../arm-none-eabi/lib/thumb/v8-m.main/nofp\libcr_c.a(remove.o)
 .debug_abbrev  0x00002b93      0x12c C:/nxp/MCUXpressoIDE_24.12.148/ide/plugins/com.nxp.mcuxpresso.tools.win32_24.12.0.202407110909/tools/bin/../lib/gcc/arm-none-eabi/13.2.1/../../../../arm-none-eabi/lib/thumb/v8-m.main/nofp\libcr_c.a(_do_fflush.o)
 .debug_abbrev  0x00002cbf       0xb5 C:/nxp/MCUXpressoIDE_24.12.148/ide/plugins/com.nxp.mcuxpresso.tools.win32_24.12.0.202407110909/tools/bin/../lib/gcc/arm-none-eabi/13.2.1/../../../../arm-none-eabi/lib/thumb/v8-m.main/nofp\libcr_nohost_nf.a(__ciob.o)
 .debug_abbrev  0x00002d74       0x5c C:/nxp/MCUXpressoIDE_24.12.148/ide/plugins/com.nxp.mcuxpresso.tools.win32_24.12.0.202407110909/tools/bin/../lib/gcc/arm-none-eabi/13.2.1/../../../../arm-none-eabi/lib/thumb/v8-m.main/nofp\libcr_nohost_nf.a(__sys_close.o)
 .debug_abbrev  0x00002dd0       0x5c C:/nxp/MCUXpressoIDE_24.12.148/ide/plugins/com.nxp.mcuxpresso.tools.win32_24.12.0.202407110909/tools/bin/../lib/gcc/arm-none-eabi/13.2.1/../../../../arm-none-eabi/lib/thumb/v8-m.main/nofp\libcr_nohost_nf.a(__sys_flen.o)
 .debug_abbrev  0x00002e2c       0x5c C:/nxp/MCUXpressoIDE_24.12.148/ide/plugins/com.nxp.mcuxpresso.tools.win32_24.12.0.202407110909/tools/bin/../lib/gcc/arm-none-eabi/13.2.1/../../../../arm-none-eabi/lib/thumb/v8-m.main/nofp\libcr_nohost_nf.a(__sys_istty.o)
 .debug_abbrev  0x00002e88       0x7d C:/nxp/MCUXpressoIDE_24.12.148/ide/plugins/com.nxp.mcuxpresso.tools.win32_24.12.0.202407110909/tools/bin/../lib/gcc/arm-none-eabi/13.2.1/../../../../arm-none-eabi/lib/thumb/v8-m.main/nofp\libcr_nohost_nf.a(__sys_remove.o)
 .debug_abbrev  0x00002f05       0x6d C:/nxp/MCUXpressoIDE_24.12.148/ide/plugins/com.nxp.mcuxpresso.tools.win32_24.12.0.202407110909/tools/bin/../lib/gcc/arm-none-eabi/13.2.1/../../../../arm-none-eabi/lib/thumb/v8-m.main/nofp\libcr_nohost_nf.a(__sys_seek.o)
 .debug_abbrev  0x00002f72       0x76 C:/nxp/MCUXpressoIDE_24.12.148/ide/plugins/com.nxp.mcuxpresso.tools.win32_24.12.0.202407110909/tools/bin/../lib/gcc/arm-none-eabi/13.2.1/../../../../arm-none-eabi/lib/thumb/v8-m.main/nofp\libcr_nohost_nf.a(__sys_tmpnam.o)
 .debug_abbrev  0x00002fe8       0x76 C:/nxp/MCUXpressoIDE_24.12.148/ide/plugins/com.nxp.mcuxpresso.tools.win32_24.12.0.202407110909/tools/bin/../lib/gcc/arm-none-eabi/13.2.1/../../../../arm-none-eabi/lib/thumb/v8-m.main/nofp\libcr_nohost_nf.a(__sys_write.o)

.debug_aranges  0x00000000      0xd10
 .debug_aranges
                0x00000000       0x78 ./utilities/debug_console_lite/fsl_debug_console.o
 .debug_aranges
                0x00000078       0x28 ./utilities/fsl_assert.o
 .debug_aranges
                0x000000a0       0x20 ./utilities/fsl_memcpy.o
 .debug_aranges
                0x000000c0      0x2e0 ./startup/startup_mcxa153.o
 .debug_aranges
                0x000003a0       0x28 ./source/ContextSwitch-2.o
 .debug_aranges
                0x000003c8       0x28 ./source/context_switch.o
 .debug_aranges
                0x000003f0       0x20 ./source/semihost_hardfault.o
 .debug_aranges
                0x00000410       0x20 ./source/syscall.o
 .debug_aranges
                0x00000430      0x168 ./drivers/fsl_clock.o
 .debug_aranges
                0x00000598      0x198 ./drivers/fsl_lpuart.o
 .debug_aranges
                0x00000730       0x30 ./drivers/fsl_reset.o
 .debug_aranges
                0x00000760      0x118 ./drivers/fsl_spc.o
 .debug_aranges
                0x00000878       0x30 ./device/system_MCXA153.o
 .debug_aranges
                0x000008a8       0x58 ./component/uart/fsl_adapter_lpuart.o
 .debug_aranges
                0x00000900       0x20 ./board/board.o
 .debug_aranges
                0x00000920       0x48 ./board/clock_config.o
 .debug_aranges
                0x00000968       0x20 ./board/hardware_init.o
 .debug_aranges
                0x00000988       0x40 ./board/pin_mux.o
 .debug_aranges
                0x000009c8       0x20 C:/nxp/MCUXpressoIDE_24.12.148/ide/plugins/com.nxp.mcuxpresso.tools.win32_24.12.0.202407110909/tools/bin/../lib/gcc/arm-none-eabi/13.2.1/../../../../arm-none-eabi/lib/thumb/v8-m.main/nofp\libcr_nohost_nf.a(_cr__main.o)
 .debug_aranges
                0x000009e8       0x20 C:/nxp/MCUXpressoIDE_24.12.148/ide/plugins/com.nxp.mcuxpresso.tools.win32_24.12.0.202407110909/tools/bin/../lib/gcc/arm-none-eabi/13.2.1/../../../../arm-none-eabi/lib/thumb/v8-m.main/nofp\libcr_c.a(memset.o)
 .debug_aranges
                0x00000a08       0x40 C:/nxp/MCUXpressoIDE_24.12.148/ide/plugins/com.nxp.mcuxpresso.tools.win32_24.12.0.202407110909/tools/bin/../lib/gcc/arm-none-eabi/13.2.1/../../../../arm-none-eabi/lib/thumb/v8-m.main/nofp\libcr_c.a(alloc.o)
 .debug_aranges
                0x00000a48       0x18 C:/nxp/MCUXpressoIDE_24.12.148/ide/plugins/com.nxp.mcuxpresso.tools.win32_24.12.0.202407110909/tools/bin/../lib/gcc/arm-none-eabi/13.2.1/../../../../arm-none-eabi/lib/thumb/v8-m.main/nofp\libcr_c.a(errno.o)
 .debug_aranges
                0x00000a60       0x28 C:/nxp/MCUXpressoIDE_24.12.148/ide/plugins/com.nxp.mcuxpresso.tools.win32_24.12.0.202407110909/tools/bin/../lib/gcc/arm-none-eabi/13.2.1/../../../../arm-none-eabi/lib/thumb/v8-m.main/nofp\libcr_c.a(initio.o)
 .debug_aranges
                0x00000a88       0x20 C:/nxp/MCUXpressoIDE_24.12.148/ide/plugins/com.nxp.mcuxpresso.tools.win32_24.12.0.202407110909/tools/bin/../lib/gcc/arm-none-eabi/13.2.1/../../../../arm-none-eabi/lib/thumb/v8-m.main/nofp\libcr_c.a(setvbuf.o)
 .debug_aranges
                0x00000aa8       0x20 C:/nxp/MCUXpressoIDE_24.12.148/ide/plugins/com.nxp.mcuxpresso.tools.win32_24.12.0.202407110909/tools/bin/../lib/gcc/arm-none-eabi/13.2.1/../../../../arm-none-eabi/lib/thumb/v8-m.main/nofp\libcr_c.a(strlen.o)
 .debug_aranges
                0x00000ac8       0x28 C:/nxp/MCUXpressoIDE_24.12.148/ide/plugins/com.nxp.mcuxpresso.tools.win32_24.12.0.202407110909/tools/bin/../lib/gcc/arm-none-eabi/13.2.1/../../../../arm-none-eabi/lib/thumb/v8-m.main/nofp\libcr_c.a(_deferredlazyseek.o)
 .debug_aranges
                0x00000af0       0x20 C:/nxp/MCUXpressoIDE_24.12.148/ide/plugins/com.nxp.mcuxpresso.tools.win32_24.12.0.202407110909/tools/bin/../lib/gcc/arm-none-eabi/13.2.1/../../../../arm-none-eabi/lib/thumb/v8-m.main/nofp\libcr_c.a(_fdopen.o)
 .debug_aranges
                0x00000b10       0x20 C:/nxp/MCUXpressoIDE_24.12.148/ide/plugins/com.nxp.mcuxpresso.tools.win32_24.12.0.202407110909/tools/bin/../lib/gcc/arm-none-eabi/13.2.1/../../../../arm-none-eabi/lib/thumb/v8-m.main/nofp\libcr_c.a(_fflush.o)
 .debug_aranges
                0x00000b30       0x20 C:/nxp/MCUXpressoIDE_24.12.148/ide/plugins/com.nxp.mcuxpresso.tools.win32_24.12.0.202407110909/tools/bin/../lib/gcc/arm-none-eabi/13.2.1/../../../../arm-none-eabi/lib/thumb/v8-m.main/nofp\libcr_c.a(_writebuf.o)
 .debug_aranges
                0x00000b50       0x20 C:/nxp/MCUXpressoIDE_24.12.148/ide/plugins/com.nxp.mcuxpresso.tools.win32_24.12.0.202407110909/tools/bin/../lib/gcc/arm-none-eabi/13.2.1/../../../../arm-none-eabi/lib/thumb/v8-m.main/nofp\libcr_c.a(fclose.o)
 .debug_aranges
                0x00000b70       0x20 C:/nxp/MCUXpressoIDE_24.12.148/ide/plugins/com.nxp.mcuxpresso.tools.win32_24.12.0.202407110909/tools/bin/../lib/gcc/arm-none-eabi/13.2.1/../../../../arm-none-eabi/lib/thumb/v8-m.main/nofp\libcr_c.a(fflush.o)
 .debug_aranges
                0x00000b90       0x20 C:/nxp/MCUXpressoIDE_24.12.148/ide/plugins/com.nxp.mcuxpresso.tools.win32_24.12.0.202407110909/tools/bin/../lib/gcc/arm-none-eabi/13.2.1/../../../../arm-none-eabi/lib/thumb/v8-m.main/nofp\libcr_c.a(fseek.o)
 .debug_aranges
                0x00000bb0       0x20 C:/nxp/MCUXpressoIDE_24.12.148/ide/plugins/com.nxp.mcuxpresso.tools.win32_24.12.0.202407110909/tools/bin/../lib/gcc/arm-none-eabi/13.2.1/../../../../arm-none-eabi/lib/thumb/v8-m.main/nofp\libcr_c.a(ftell.o)
 .debug_aranges
                0x00000bd0       0x28 C:/nxp/MCUXpressoIDE_24.12.148/ide/plugins/com.nxp.mcuxpresso.tools.win32_24.12.0.202407110909/tools/bin/../lib/gcc/arm-none-eabi/13.2.1/../../../../arm-none-eabi/lib/thumb/v8-m.main/nofp\libcr_c.a(remove.o)
 .debug_aranges
                0x00000bf8       0x20 C:/nxp/MCUXpressoIDE_24.12.148/ide/plugins/com.nxp.mcuxpresso.tools.win32_24.12.0.202407110909/tools/bin/../lib/gcc/arm-none-eabi/13.2.1/../../../../arm-none-eabi/lib/thumb/v8-m.main/nofp\libcr_c.a(_do_fflush.o)
 .debug_aranges
                0x00000c18       0x18 C:/nxp/MCUXpressoIDE_24.12.148/ide/plugins/com.nxp.mcuxpresso.tools.win32_24.12.0.202407110909/tools/bin/../lib/gcc/arm-none-eabi/13.2.1/../../../../arm-none-eabi/lib/thumb/v8-m.main/nofp\libcr_nohost_nf.a(__ciob.o)
 .debug_aranges
                0x00000c30       0x20 C:/nxp/MCUXpressoIDE_24.12.148/ide/plugins/com.nxp.mcuxpresso.tools.win32_24.12.0.202407110909/tools/bin/../lib/gcc/arm-none-eabi/13.2.1/../../../../arm-none-eabi/lib/thumb/v8-m.main/nofp\libcr_nohost_nf.a(__sys_close.o)
 .debug_aranges
                0x00000c50       0x20 C:/nxp/MCUXpressoIDE_24.12.148/ide/plugins/com.nxp.mcuxpresso.tools.win32_24.12.0.202407110909/tools/bin/../lib/gcc/arm-none-eabi/13.2.1/../../../../arm-none-eabi/lib/thumb/v8-m.main/nofp\libcr_nohost_nf.a(__sys_flen.o)
 .debug_aranges
                0x00000c70       0x20 C:/nxp/MCUXpressoIDE_24.12.148/ide/plugins/com.nxp.mcuxpresso.tools.win32_24.12.0.202407110909/tools/bin/../lib/gcc/arm-none-eabi/13.2.1/../../../../arm-none-eabi/lib/thumb/v8-m.main/nofp\libcr_nohost_nf.a(__sys_istty.o)
 .debug_aranges
                0x00000c90       0x20 C:/nxp/MCUXpressoIDE_24.12.148/ide/plugins/com.nxp.mcuxpresso.tools.win32_24.12.0.202407110909/tools/bin/../lib/gcc/arm-none-eabi/13.2.1/../../../../arm-none-eabi/lib/thumb/v8-m.main/nofp\libcr_nohost_nf.a(__sys_remove.o)
 .debug_aranges
                0x00000cb0       0x20 C:/nxp/MCUXpressoIDE_24.12.148/ide/plugins/com.nxp.mcuxpresso.tools.win32_24.12.0.202407110909/tools/bin/../lib/gcc/arm-none-eabi/13.2.1/../../../../arm-none-eabi/lib/thumb/v8-m.main/nofp\libcr_nohost_nf.a(__sys_seek.o)
 .debug_aranges
                0x00000cd0       0x20 C:/nxp/MCUXpressoIDE_24.12.148/ide/plugins/com.nxp.mcuxpresso.tools.win32_24.12.0.202407110909/tools/bin/../lib/gcc/arm-none-eabi/13.2.1/../../../../arm-none-eabi/lib/thumb/v8-m.main/nofp\libcr_nohost_nf.a(__sys_tmpnam.o)
 .debug_aranges
                0x00000cf0       0x20 C:/nxp/MCUXpressoIDE_24.12.148/ide/plugins/com.nxp.mcuxpresso.tools.win32_24.12.0.202407110909/tools/bin/../lib/gcc/arm-none-eabi/13.2.1/../../../../arm-none-eabi/lib/thumb/v8-m.main/nofp\libcr_nohost_nf.a(__sys_write.o)

.debug_ranges   0x00000000      0xaa0
 .debug_ranges  0x00000000       0x68 ./utilities/debug_console_lite/fsl_debug_console.o
 .debug_ranges  0x00000068       0x18 ./utilities/fsl_assert.o
 .debug_ranges  0x00000080      0x2d0 ./startup/startup_mcxa153.o
 .debug_ranges  0x00000350       0x18 ./source/ContextSwitch-2.o
 .debug_ranges  0x00000368       0x18 ./source/context_switch.o
 .debug_ranges  0x00000380       0x10 ./source/semihost_hardfault.o
 .debug_ranges  0x00000390       0x10 ./source/syscall.o
 .debug_ranges  0x000003a0      0x158 ./drivers/fsl_clock.o
 .debug_ranges  0x000004f8      0x188 ./drivers/fsl_lpuart.o
 .debug_ranges  0x00000680       0x20 ./drivers/fsl_reset.o
 .debug_ranges  0x000006a0      0x108 ./drivers/fsl_spc.o
 .debug_ranges  0x000007a8       0x20 ./device/system_MCXA153.o
 .debug_ranges  0x000007c8       0x48 ./component/uart/fsl_adapter_lpuart.o
 .debug_ranges  0x00000810       0x10 ./board/board.o
 .debug_ranges  0x00000820       0x38 ./board/clock_config.o
 .debug_ranges  0x00000858       0x10 ./board/hardware_init.o
 .debug_ranges  0x00000868       0x30 ./board/pin_mux.o
 .debug_ranges  0x00000898       0x10 C:/nxp/MCUXpressoIDE_24.12.148/ide/plugins/com.nxp.mcuxpresso.tools.win32_24.12.0.202407110909/tools/bin/../lib/gcc/arm-none-eabi/13.2.1/../../../../arm-none-eabi/lib/thumb/v8-m.main/nofp\libcr_nohost_nf.a(_cr__main.o)
 .debug_ranges  0x000008a8       0x10 C:/nxp/MCUXpressoIDE_24.12.148/ide/plugins/com.nxp.mcuxpresso.tools.win32_24.12.0.202407110909/tools/bin/../lib/gcc/arm-none-eabi/13.2.1/../../../../arm-none-eabi/lib/thumb/v8-m.main/nofp\libcr_c.a(memset.o)
 .debug_ranges  0x000008b8       0x48 C:/nxp/MCUXpressoIDE_24.12.148/ide/plugins/com.nxp.mcuxpresso.tools.win32_24.12.0.202407110909/tools/bin/../lib/gcc/arm-none-eabi/13.2.1/../../../../arm-none-eabi/lib/thumb/v8-m.main/nofp\libcr_c.a(alloc.o)
 .debug_ranges  0x00000900       0x18 C:/nxp/MCUXpressoIDE_24.12.148/ide/plugins/com.nxp.mcuxpresso.tools.win32_24.12.0.202407110909/tools/bin/../lib/gcc/arm-none-eabi/13.2.1/../../../../arm-none-eabi/lib/thumb/v8-m.main/nofp\libcr_c.a(initio.o)
 .debug_ranges  0x00000918       0x10 C:/nxp/MCUXpressoIDE_24.12.148/ide/plugins/com.nxp.mcuxpresso.tools.win32_24.12.0.202407110909/tools/bin/../lib/gcc/arm-none-eabi/13.2.1/../../../../arm-none-eabi/lib/thumb/v8-m.main/nofp\libcr_c.a(setvbuf.o)
 .debug_ranges  0x00000928       0x10 C:/nxp/MCUXpressoIDE_24.12.148/ide/plugins/com.nxp.mcuxpresso.tools.win32_24.12.0.202407110909/tools/bin/../lib/gcc/arm-none-eabi/13.2.1/../../../../arm-none-eabi/lib/thumb/v8-m.main/nofp\libcr_c.a(strlen.o)
 .debug_ranges  0x00000938       0x30 C:/nxp/MCUXpressoIDE_24.12.148/ide/plugins/com.nxp.mcuxpresso.tools.win32_24.12.0.202407110909/tools/bin/../lib/gcc/arm-none-eabi/13.2.1/../../../../arm-none-eabi/lib/thumb/v8-m.main/nofp\libcr_c.a(_deferredlazyseek.o)
 .debug_ranges  0x00000968       0x10 C:/nxp/MCUXpressoIDE_24.12.148/ide/plugins/com.nxp.mcuxpresso.tools.win32_24.12.0.202407110909/tools/bin/../lib/gcc/arm-none-eabi/13.2.1/../../../../arm-none-eabi/lib/thumb/v8-m.main/nofp\libcr_c.a(_fdopen.o)
 .debug_ranges  0x00000978       0x10 C:/nxp/MCUXpressoIDE_24.12.148/ide/plugins/com.nxp.mcuxpresso.tools.win32_24.12.0.202407110909/tools/bin/../lib/gcc/arm-none-eabi/13.2.1/../../../../arm-none-eabi/lib/thumb/v8-m.main/nofp\libcr_c.a(_fflush.o)
 .debug_ranges  0x00000988       0x10 C:/nxp/MCUXpressoIDE_24.12.148/ide/plugins/com.nxp.mcuxpresso.tools.win32_24.12.0.202407110909/tools/bin/../lib/gcc/arm-none-eabi/13.2.1/../../../../arm-none-eabi/lib/thumb/v8-m.main/nofp\libcr_c.a(_writebuf.o)
 .debug_ranges  0x00000998       0x10 C:/nxp/MCUXpressoIDE_24.12.148/ide/plugins/com.nxp.mcuxpresso.tools.win32_24.12.0.202407110909/tools/bin/../lib/gcc/arm-none-eabi/13.2.1/../../../../arm-none-eabi/lib/thumb/v8-m.main/nofp\libcr_c.a(fclose.o)
 .debug_ranges  0x000009a8       0x28 C:/nxp/MCUXpressoIDE_24.12.148/ide/plugins/com.nxp.mcuxpresso.tools.win32_24.12.0.202407110909/tools/bin/../lib/gcc/arm-none-eabi/13.2.1/../../../../arm-none-eabi/lib/thumb/v8-m.main/nofp\libcr_c.a(fflush.o)
 .debug_ranges  0x000009d0       0x10 C:/nxp/MCUXpressoIDE_24.12.148/ide/plugins/com.nxp.mcuxpresso.tools.win32_24.12.0.202407110909/tools/bin/../lib/gcc/arm-none-eabi/13.2.1/../../../../arm-none-eabi/lib/thumb/v8-m.main/nofp\libcr_c.a(fseek.o)
 .debug_ranges  0x000009e0       0x10 C:/nxp/MCUXpressoIDE_24.12.148/ide/plugins/com.nxp.mcuxpresso.tools.win32_24.12.0.202407110909/tools/bin/../lib/gcc/arm-none-eabi/13.2.1/../../../../arm-none-eabi/lib/thumb/v8-m.main/nofp\libcr_c.a(ftell.o)
 .debug_ranges  0x000009f0       0x18 C:/nxp/MCUXpressoIDE_24.12.148/ide/plugins/com.nxp.mcuxpresso.tools.win32_24.12.0.202407110909/tools/bin/../lib/gcc/arm-none-eabi/13.2.1/../../../../arm-none-eabi/lib/thumb/v8-m.main/nofp\libcr_c.a(remove.o)
 .debug_ranges  0x00000a08       0x28 C:/nxp/MCUXpressoIDE_24.12.148/ide/plugins/com.nxp.mcuxpresso.tools.win32_24.12.0.202407110909/tools/bin/../lib/gcc/arm-none-eabi/13.2.1/../../../../arm-none-eabi/lib/thumb/v8-m.main/nofp\libcr_c.a(_do_fflush.o)
 .debug_ranges  0x00000a30       0x10 C:/nxp/MCUXpressoIDE_24.12.148/ide/plugins/com.nxp.mcuxpresso.tools.win32_24.12.0.202407110909/tools/bin/../lib/gcc/arm-none-eabi/13.2.1/../../../../arm-none-eabi/lib/thumb/v8-m.main/nofp\libcr_nohost_nf.a(__sys_close.o)
 .debug_ranges  0x00000a40       0x10 C:/nxp/MCUXpressoIDE_24.12.148/ide/plugins/com.nxp.mcuxpresso.tools.win32_24.12.0.202407110909/tools/bin/../lib/gcc/arm-none-eabi/13.2.1/../../../../arm-none-eabi/lib/thumb/v8-m.main/nofp\libcr_nohost_nf.a(__sys_flen.o)
 .debug_ranges  0x00000a50       0x10 C:/nxp/MCUXpressoIDE_24.12.148/ide/plugins/com.nxp.mcuxpresso.tools.win32_24.12.0.202407110909/tools/bin/../lib/gcc/arm-none-eabi/13.2.1/../../../../arm-none-eabi/lib/thumb/v8-m.main/nofp\libcr_nohost_nf.a(__sys_istty.o)
 .debug_ranges  0x00000a60       0x10 C:/nxp/MCUXpressoIDE_24.12.148/ide/plugins/com.nxp.mcuxpresso.tools.win32_24.12.0.202407110909/tools/bin/../lib/gcc/arm-none-eabi/13.2.1/../../../../arm-none-eabi/lib/thumb/v8-m.main/nofp\libcr_nohost_nf.a(__sys_remove.o)
 .debug_ranges  0x00000a70       0x10 C:/nxp/MCUXpressoIDE_24.12.148/ide/plugins/com.nxp.mcuxpresso.tools.win32_24.12.0.202407110909/tools/bin/../lib/gcc/arm-none-eabi/13.2.1/../../../../arm-none-eabi/lib/thumb/v8-m.main/nofp\libcr_nohost_nf.a(__sys_seek.o)
 .debug_ranges  0x00000a80       0x10 C:/nxp/MCUXpressoIDE_24.12.148/ide/plugins/com.nxp.mcuxpresso.tools.win32_24.12.0.202407110909/tools/bin/../lib/gcc/arm-none-eabi/13.2.1/../../../../arm-none-eabi/lib/thumb/v8-m.main/nofp\libcr_nohost_nf.a(__sys_tmpnam.o)
 .debug_ranges  0x00000a90       0x10 C:/nxp/MCUXpressoIDE_24.12.148/ide/plugins/com.nxp.mcuxpresso.tools.win32_24.12.0.202407110909/tools/bin/../lib/gcc/arm-none-eabi/13.2.1/../../../../arm-none-eabi/lib/thumb/v8-m.main/nofp\libcr_nohost_nf.a(__sys_write.o)

.debug_macro    0x00000000     0x2931
 .debug_macro   0x00000000      0x2fd ./utilities/debug_console_lite/fsl_debug_console.o
 .debug_macro   0x000002fd       0x16 ./utilities/debug_console_lite/fsl_debug_console.o
 .debug_macro   0x00000313       0x10 ./utilities/debug_console_lite/fsl_debug_console.o
 .debug_macro   0x00000323       0xc4 ./utilities/debug_console_lite/fsl_debug_console.o
 .debug_macro   0x000003e7       0x16 ./utilities/debug_console_lite/fsl_debug_console.o
 .debug_macro   0x000003fd       0x34 ./utilities/debug_console_lite/fsl_debug_console.o
 .debug_macro   0x00000431       0x47 ./utilities/debug_console_lite/fsl_debug_console.o
 .debug_macro   0x00000478      0x2d7 ./utilities/fsl_assert.o
 .debug_macro   0x0000074f       0x1c ./utilities/fsl_assert.o
 .debug_macro   0x0000076b       0x22 ./utilities/fsl_assert.o
 .debug_macro   0x0000078d       0x1c ./utilities/fsl_assert.o
 .debug_macro   0x000007a9       0x32 ./startup/startup_mcxa153.o
 .debug_macro   0x000007db      0x30e ./source/ContextSwitch-2.o
 .debug_macro   0x00000ae9       0x29 ./source/ContextSwitch-2.o
 .debug_macro   0x00000b12       0x16 ./source/ContextSwitch-2.o
 .debug_macro   0x00000b28      0x100 ./source/ContextSwitch-2.o
 .debug_macro   0x00000c28       0x24 ./source/context_switch.o
 .debug_macro   0x00000c4c       0x1a ./source/semihost_hardfault.o
 .debug_macro   0x00000c66       0x24 ./source/syscall.o
 .debug_macro   0x00000c8a      0x2bc ./drivers/fsl_clock.o
 .debug_macro   0x00000f46      0x2d1 ./drivers/fsl_lpuart.o
 .debug_macro   0x00001217       0x10 ./drivers/fsl_lpuart.o
 .debug_macro   0x00001227      0x2c8 ./drivers/fsl_reset.o
 .debug_macro   0x000014ef      0x2cb ./drivers/fsl_spc.o
 .debug_macro   0x000017ba       0x2e ./drivers/fsl_spc.o
 .debug_macro   0x000017e8      0x229 ./device/system_MCXA153.o
 .debug_macro   0x00001a11      0x2ea ./component/uart/fsl_adapter_lpuart.o
 .debug_macro   0x00001cfb       0x41 ./component/uart/fsl_adapter_lpuart.o
 .debug_macro   0x00001d3c      0x2fe ./board/board.o
 .debug_macro   0x0000203a      0x2d2 ./board/clock_config.o
 .debug_macro   0x0000230c       0x23 ./board/clock_config.o
 .debug_macro   0x0000232f       0x34 ./board/clock_config.o
 .debug_macro   0x00002363      0x2ef ./board/hardware_init.o
 .debug_macro   0x00002652      0x2c9 ./board/pin_mux.o
 .debug_macro   0x0000291b       0x16 ./board/pin_mux.o

.debug_line     0x00000000     0xc932
 .debug_line    0x00000000      0xd8d ./utilities/debug_console_lite/fsl_debug_console.o
 .debug_line    0x00000d8d      0x8c3 ./utilities/fsl_assert.o
 .debug_line    0x00001650       0x89 ./utilities/fsl_memcpy.o
 .debug_line    0x000016d9      0x971 ./startup/startup_mcxa153.o
 .debug_line    0x0000204a      0x971 ./source/ContextSwitch-2.o
 .debug_line    0x000029bb       0xf3 ./source/context_switch.o
 .debug_line    0x00002aae       0xcb ./source/semihost_hardfault.o
 .debug_line    0x00002b79       0xc5 ./source/syscall.o
 .debug_line    0x00002c3e     0x168f ./drivers/fsl_clock.o
 .debug_line    0x000042cd     0x1a61 ./drivers/fsl_lpuart.o
 .debug_line    0x00005d2e      0x871 ./drivers/fsl_reset.o
 .debug_line    0x0000659f      0xee6 ./drivers/fsl_spc.o
 .debug_line    0x00007485      0x7d5 ./device/system_MCXA153.o
 .debug_line    0x00007c5a      0x9eb ./component/uart/fsl_adapter_lpuart.o
 .debug_line    0x00008645      0x8c1 ./board/board.o
 .debug_line    0x00008f06      0xa1f ./board/clock_config.o
 .debug_line    0x00009925      0x82e ./board/hardware_init.o
 .debug_line    0x0000a153      0x8ce ./board/pin_mux.o
 .debug_line    0x0000aa21       0xc4 C:/nxp/MCUXpressoIDE_24.12.148/ide/plugins/com.nxp.mcuxpresso.tools.win32_24.12.0.202407110909/tools/bin/../lib/gcc/arm-none-eabi/13.2.1/../../../../arm-none-eabi/lib/thumb/v8-m.main/nofp\libcr_nohost_nf.a(_cr__main.o)
 .debug_line    0x0000aae5       0xb3 C:/nxp/MCUXpressoIDE_24.12.148/ide/plugins/com.nxp.mcuxpresso.tools.win32_24.12.0.202407110909/tools/bin/../lib/gcc/arm-none-eabi/13.2.1/../../../../arm-none-eabi/lib/thumb/v8-m.main/nofp\libcr_c.a(memset.o)
 .debug_line    0x0000ab98      0x3ed C:/nxp/MCUXpressoIDE_24.12.148/ide/plugins/com.nxp.mcuxpresso.tools.win32_24.12.0.202407110909/tools/bin/../lib/gcc/arm-none-eabi/13.2.1/../../../../arm-none-eabi/lib/thumb/v8-m.main/nofp\libcr_c.a(alloc.o)
 .debug_line    0x0000af85       0x86 C:/nxp/MCUXpressoIDE_24.12.148/ide/plugins/com.nxp.mcuxpresso.tools.win32_24.12.0.202407110909/tools/bin/../lib/gcc/arm-none-eabi/13.2.1/../../../../arm-none-eabi/lib/thumb/v8-m.main/nofp\libcr_c.a(errno.o)
 .debug_line    0x0000b00b      0x1b9 C:/nxp/MCUXpressoIDE_24.12.148/ide/plugins/com.nxp.mcuxpresso.tools.win32_24.12.0.202407110909/tools/bin/../lib/gcc/arm-none-eabi/13.2.1/../../../../arm-none-eabi/lib/thumb/v8-m.main/nofp\libcr_c.a(initio.o)
 .debug_line    0x0000b1c4      0x15c C:/nxp/MCUXpressoIDE_24.12.148/ide/plugins/com.nxp.mcuxpresso.tools.win32_24.12.0.202407110909/tools/bin/../lib/gcc/arm-none-eabi/13.2.1/../../../../arm-none-eabi/lib/thumb/v8-m.main/nofp\libcr_c.a(setvbuf.o)
 .debug_line    0x0000b320      0x141 C:/nxp/MCUXpressoIDE_24.12.148/ide/plugins/com.nxp.mcuxpresso.tools.win32_24.12.0.202407110909/tools/bin/../lib/gcc/arm-none-eabi/13.2.1/../../../../arm-none-eabi/lib/thumb/v8-m.main/nofp\libcr_c.a(strlen.o)
 .debug_line    0x0000b461      0x359 C:/nxp/MCUXpressoIDE_24.12.148/ide/plugins/com.nxp.mcuxpresso.tools.win32_24.12.0.202407110909/tools/bin/../lib/gcc/arm-none-eabi/13.2.1/../../../../arm-none-eabi/lib/thumb/v8-m.main/nofp\libcr_c.a(_deferredlazyseek.o)
 .debug_line    0x0000b7ba      0x18c C:/nxp/MCUXpressoIDE_24.12.148/ide/plugins/com.nxp.mcuxpresso.tools.win32_24.12.0.202407110909/tools/bin/../lib/gcc/arm-none-eabi/13.2.1/../../../../arm-none-eabi/lib/thumb/v8-m.main/nofp\libcr_c.a(_fdopen.o)
 .debug_line    0x0000b946      0x18f C:/nxp/MCUXpressoIDE_24.12.148/ide/plugins/com.nxp.mcuxpresso.tools.win32_24.12.0.202407110909/tools/bin/../lib/gcc/arm-none-eabi/13.2.1/../../../../arm-none-eabi/lib/thumb/v8-m.main/nofp\libcr_c.a(_fflush.o)
 .debug_line    0x0000bad5      0x19d C:/nxp/MCUXpressoIDE_24.12.148/ide/plugins/com.nxp.mcuxpresso.tools.win32_24.12.0.202407110909/tools/bin/../lib/gcc/arm-none-eabi/13.2.1/../../../../arm-none-eabi/lib/thumb/v8-m.main/nofp\libcr_c.a(_writebuf.o)
 .debug_line    0x0000bc72      0x17f C:/nxp/MCUXpressoIDE_24.12.148/ide/plugins/com.nxp.mcuxpresso.tools.win32_24.12.0.202407110909/tools/bin/../lib/gcc/arm-none-eabi/13.2.1/../../../../arm-none-eabi/lib/thumb/v8-m.main/nofp\libcr_c.a(fclose.o)
 .debug_line    0x0000bdf1      0x151 C:/nxp/MCUXpressoIDE_24.12.148/ide/plugins/com.nxp.mcuxpresso.tools.win32_24.12.0.202407110909/tools/bin/../lib/gcc/arm-none-eabi/13.2.1/../../../../arm-none-eabi/lib/thumb/v8-m.main/nofp\libcr_c.a(fflush.o)
 .debug_line    0x0000bf42      0x2a2 C:/nxp/MCUXpressoIDE_24.12.148/ide/plugins/com.nxp.mcuxpresso.tools.win32_24.12.0.202407110909/tools/bin/../lib/gcc/arm-none-eabi/13.2.1/../../../../arm-none-eabi/lib/thumb/v8-m.main/nofp\libcr_c.a(fseek.o)
 .debug_line    0x0000c1e4      0x17a C:/nxp/MCUXpressoIDE_24.12.148/ide/plugins/com.nxp.mcuxpresso.tools.win32_24.12.0.202407110909/tools/bin/../lib/gcc/arm-none-eabi/13.2.1/../../../../arm-none-eabi/lib/thumb/v8-m.main/nofp\libcr_c.a(ftell.o)
 .debug_line    0x0000c35e      0x15c C:/nxp/MCUXpressoIDE_24.12.148/ide/plugins/com.nxp.mcuxpresso.tools.win32_24.12.0.202407110909/tools/bin/../lib/gcc/arm-none-eabi/13.2.1/../../../../arm-none-eabi/lib/thumb/v8-m.main/nofp\libcr_c.a(remove.o)
 .debug_line    0x0000c4ba      0x16c C:/nxp/MCUXpressoIDE_24.12.148/ide/plugins/com.nxp.mcuxpresso.tools.win32_24.12.0.202407110909/tools/bin/../lib/gcc/arm-none-eabi/13.2.1/../../../../arm-none-eabi/lib/thumb/v8-m.main/nofp\libcr_c.a(_do_fflush.o)
 .debug_line    0x0000c626       0xea C:/nxp/MCUXpressoIDE_24.12.148/ide/plugins/com.nxp.mcuxpresso.tools.win32_24.12.0.202407110909/tools/bin/../lib/gcc/arm-none-eabi/13.2.1/../../../../arm-none-eabi/lib/thumb/v8-m.main/nofp\libcr_nohost_nf.a(__ciob.o)
 .debug_line    0x0000c710       0x4e C:/nxp/MCUXpressoIDE_24.12.148/ide/plugins/com.nxp.mcuxpresso.tools.win32_24.12.0.202407110909/tools/bin/../lib/gcc/arm-none-eabi/13.2.1/../../../../arm-none-eabi/lib/thumb/v8-m.main/nofp\libcr_nohost_nf.a(__sys_close.o)
 .debug_line    0x0000c75e       0x4d C:/nxp/MCUXpressoIDE_24.12.148/ide/plugins/com.nxp.mcuxpresso.tools.win32_24.12.0.202407110909/tools/bin/../lib/gcc/arm-none-eabi/13.2.1/../../../../arm-none-eabi/lib/thumb/v8-m.main/nofp\libcr_nohost_nf.a(__sys_flen.o)
 .debug_line    0x0000c7ab       0x4e C:/nxp/MCUXpressoIDE_24.12.148/ide/plugins/com.nxp.mcuxpresso.tools.win32_24.12.0.202407110909/tools/bin/../lib/gcc/arm-none-eabi/13.2.1/../../../../arm-none-eabi/lib/thumb/v8-m.main/nofp\libcr_nohost_nf.a(__sys_istty.o)
 .debug_line    0x0000c7f9       0x4f C:/nxp/MCUXpressoIDE_24.12.148/ide/plugins/com.nxp.mcuxpresso.tools.win32_24.12.0.202407110909/tools/bin/../lib/gcc/arm-none-eabi/13.2.1/../../../../arm-none-eabi/lib/thumb/v8-m.main/nofp\libcr_nohost_nf.a(__sys_remove.o)
 .debug_line    0x0000c848       0x4d C:/nxp/MCUXpressoIDE_24.12.148/ide/plugins/com.nxp.mcuxpresso.tools.win32_24.12.0.202407110909/tools/bin/../lib/gcc/arm-none-eabi/13.2.1/../../../../arm-none-eabi/lib/thumb/v8-m.main/nofp\libcr_nohost_nf.a(__sys_seek.o)
 .debug_line    0x0000c895       0x4f C:/nxp/MCUXpressoIDE_24.12.148/ide/plugins/com.nxp.mcuxpresso.tools.win32_24.12.0.202407110909/tools/bin/../lib/gcc/arm-none-eabi/13.2.1/../../../../arm-none-eabi/lib/thumb/v8-m.main/nofp\libcr_nohost_nf.a(__sys_tmpnam.o)
 .debug_line    0x0000c8e4       0x4e C:/nxp/MCUXpressoIDE_24.12.148/ide/plugins/com.nxp.mcuxpresso.tools.win32_24.12.0.202407110909/tools/bin/../lib/gcc/arm-none-eabi/13.2.1/../../../../arm-none-eabi/lib/thumb/v8-m.main/nofp\libcr_nohost_nf.a(__sys_write.o)

.debug_str      0x00000000    0xae34d
 .debug_str     0x00000000    0xae34d ./utilities/debug_console_lite/fsl_debug_console.o
                              0xa79e9 (size before relaxing)
 .debug_str     0x000ae34d    0xa604d ./utilities/fsl_assert.o
 .debug_str     0x000ae34d       0x88 ./utilities/fsl_memcpy.o
 .debug_str     0x000ae34d     0x3815 ./startup/startup_mcxa153.o
 .debug_str     0x000ae34d    0xa75c3 ./source/ContextSwitch-2.o
 .debug_str     0x000ae34d     0x2fda ./source/context_switch.o
 .debug_str     0x000ae34d     0x2fbe ./source/semihost_hardfault.o
 .debug_str     0x000ae34d     0x2fb3 ./source/syscall.o
 .debug_str     0x000ae34d    0xa8623 ./drivers/fsl_clock.o
 .debug_str     0x000ae34d    0xa9137 ./drivers/fsl_lpuart.o
 .debug_str     0x000ae34d    0xa692b ./drivers/fsl_reset.o
 .debug_str     0x000ae34d    0xa707b ./drivers/fsl_spc.o
 .debug_str     0x000ae34d    0xa418f ./device/system_MCXA153.o
 .debug_str     0x000ae34d    0xa752b ./component/uart/fsl_adapter_lpuart.o
 .debug_str     0x000ae34d    0xa7744 ./board/board.o
 .debug_str     0x000ae34d    0xa6f4a ./board/clock_config.o
 .debug_str     0x000ae34d    0xa6847 ./board/hardware_init.o
 .debug_str     0x000ae34d    0xa70fe ./board/pin_mux.o
 .debug_str     0x000ae34d      0x177 C:/nxp/MCUXpressoIDE_24.12.148/ide/plugins/com.nxp.mcuxpresso.tools.win32_24.12.0.202407110909/tools/bin/../lib/gcc/arm-none-eabi/13.2.1/../../../../arm-none-eabi/lib/thumb/v8-m.main/nofp\libcr_nohost_nf.a(_cr__main.o)
 .debug_str     0x000ae34d      0x18e C:/nxp/MCUXpressoIDE_24.12.148/ide/plugins/com.nxp.mcuxpresso.tools.win32_24.12.0.202407110909/tools/bin/../lib/gcc/arm-none-eabi/13.2.1/../../../../arm-none-eabi/lib/thumb/v8-m.main/nofp\libcr_c.a(memset.o)
 .debug_str     0x000ae34d      0x241 C:/nxp/MCUXpressoIDE_24.12.148/ide/plugins/com.nxp.mcuxpresso.tools.win32_24.12.0.202407110909/tools/bin/../lib/gcc/arm-none-eabi/13.2.1/../../../../arm-none-eabi/lib/thumb/v8-m.main/nofp\libcr_c.a(alloc.o)
 .debug_str     0x000ae34d      0x122 C:/nxp/MCUXpressoIDE_24.12.148/ide/plugins/com.nxp.mcuxpresso.tools.win32_24.12.0.202407110909/tools/bin/../lib/gcc/arm-none-eabi/13.2.1/../../../../arm-none-eabi/lib/thumb/v8-m.main/nofp\libcr_c.a(errno.o)
 .debug_str     0x000ae34d      0x24b C:/nxp/MCUXpressoIDE_24.12.148/ide/plugins/com.nxp.mcuxpresso.tools.win32_24.12.0.202407110909/tools/bin/../lib/gcc/arm-none-eabi/13.2.1/../../../../arm-none-eabi/lib/thumb/v8-m.main/nofp\libcr_c.a(initio.o)
 .debug_str     0x000ae34d      0x241 C:/nxp/MCUXpressoIDE_24.12.148/ide/plugins/com.nxp.mcuxpresso.tools.win32_24.12.0.202407110909/tools/bin/../lib/gcc/arm-none-eabi/13.2.1/../../../../arm-none-eabi/lib/thumb/v8-m.main/nofp\libcr_c.a(setvbuf.o)