C:\Users\nxa16972\Documents\MCUXpressoIDE_24.12.148\workspace\frdmrw612_SmartLock_TCPandServo\CMSIS/core_cm33.h:2327:22:__NVIC_SetPriorityGrouping	24	static
C:\Users\nxa16972\Documents\MCUXpressoIDE_24.12.148\workspace\frdmrw612_SmartLock_TCPandServo\CMSIS/core_cm33.h:2346:26:__NVIC_GetPriorityGrouping	4	static
../drivers/fsl_common_arm.h:897:24:DisableGlobalIRQ	16	static
../drivers/fsl_common_arm.h:923:20:EnableGlobalIRQ	24	static
../drivers/fsl_power.c:571:6:POWER_SetSleepMode	16	static
../drivers/fsl_power.c:1066:6:POWER_EnterPowerMode	24	static
../drivers/fsl_power.c:1274:6:POWER_DisableGDetVSensors	32	static
../drivers/fsl_power.c:1347:6:POWER_EnableGDetVSensors	32	static
../drivers/fsl_power.c:134:1:POWER_Delay	16	static
../drivers/fsl_power.c:148:1:POWER_DelayUs	24	static
../drivers/fsl_power.c:156:13:POWER_GetThresholdParams	24	static
../drivers/fsl_power.c:200:13:POWER_SaveNvicState	24	static
../drivers/fsl_power.c:243:13:POWER_RestoreNvicState	24	static
../drivers/fsl_power.c:283:1:POWER_SaveGdetVSensorConfig	4	static
../drivers/fsl_power.c:297:1:POWER_RestoreGdetVSensorConfig	4	static
../drivers/fsl_power.c:315:6:CAPTIMER_DriverIRQHandler	8	static
../drivers/fsl_power.c:331:6:POWER_GetWakeupStatus	24	static
../drivers/fsl_power.c:394:6:POWER_ClearWakeupStatus	24	static
../drivers/fsl_power.c:453:6:POWER_EnableWakeup	24	static
../drivers/fsl_power.c:512:6:POWER_DisableWakeup	24	static
../drivers/fsl_power.c:593:1:Power_ConfigClkGate	24	static
../drivers/fsl_power.c:608:1:deinitXip	4	static
../drivers/fsl_power.c:624:1:initFlexSPI	32	static
../drivers/fsl_power.c:685:1:initXip	8	static
../drivers/fsl_power.c:696:6:POWER_ConfigCauInSleep	16	static
../drivers/fsl_power.c:717:1:POWER_PrePowerMode	24	static
../drivers/fsl_power.c:796:1:POWER_PostPowerMode	16	static
../drivers/fsl_power.c:837:1:POWER_EnterPm3Asm	24	static
../drivers/fsl_power.c:941:13:POWER_InitVSensorThreshold	64	static
../drivers/fsl_power.c:995:6:POWER_GetCurrentSleepConfig	16	static
../drivers/fsl_power.c:1006:6:POWER_InitPowerConfig	24	static
../drivers/fsl_power.c:1055:6:POWER_SetPowerSwitchCallback	24	static
../drivers/fsl_power.c:1097:6:POWER_PowerOnWlan	16	static
../drivers/fsl_power.c:1121:6:POWER_PowerOffWlan	16	static
../drivers/fsl_power.c:1142:6:POWER_PowerOnBle	16	static
../drivers/fsl_power.c:1165:6:POWER_PowerOffBle	16	static
../drivers/fsl_power.c:1186:6:POWER_PowerOnGau	4	static
../drivers/fsl_power.c:1194:6:POWER_PowerOffGau	4	static
../drivers/fsl_power.c:1199:6:POWER_EnableCaptSlowPulseTimer	24	static
../drivers/fsl_power.c:1213:6:POWER_EnableCaptFastPulseTimer	24	static
../drivers/fsl_power.c:1223:6:POWER_DisableCaptPulseTimer	4	static
../drivers/fsl_power.c:1228:6:Power_InitLoadGdetCfg	24	static
../drivers/fsl_power.c:1242:6:POWER_InitVoltage	24	static
../drivers/fsl_power.c:1421:10:POWER_TrimSvc	48	static
