../drivers/fsl_clock.h:755:24:CLOCK_GetSysOscFreq	4	static
../drivers/fsl_clock.h:763:24:CLOCK_GetMclkInClkFreq	4	static
../drivers/fsl_clock.h:771:24:CLOCK_GetLpOscFreq	4	static
../drivers/fsl_clock.h:779:24:CLOCK_GetClk32KFreq	4	static
../drivers/fsl_clock.c:100:13:CLOCK_Delay	16	static
../drivers/fsl_clock.c:114:13:CLOCK_DelayUs	24	static
../drivers/fsl_clock.c:125:10:CLOCK_GetT3PllMciIrcClkFreq	16	static
../drivers/fsl_clock.c:149:10:CLOCK_GetT3PllMci213mClkFreq	16	static
../drivers/fsl_clock.c:158:10:CLOCK_GetT3PllMci256mClkFreq	16	static
../drivers/fsl_clock.c:167:10:CLOCK_GetT3PllMciFlexspiClkFreq	16	static
../drivers/fsl_clock.c:174:17:CLOCK_GetTcpuFvcoFreq	16	static
../drivers/fsl_clock.c:204:10:CLOCK_GetTcpuMciClkFreq	16	static
../drivers/fsl_clock.c:213:10:CLOCK_GetTcpuMciFlexspiClkFreq	16	static
../drivers/fsl_clock.c:224:10:CLOCK_GetTddrMciFlexspiClkFreq	16	static
../drivers/fsl_clock.c:235:10:CLOCK_GetTddrMciEnetClkFreq	16	static
../drivers/fsl_clock.c:246:6:CLOCK_EnableClock	24	static
../drivers/fsl_clock.c:306:6:CLOCK_DisableClock	24	static
../drivers/fsl_clock.c:357:6:CLOCK_AttachClk	32	static
../drivers/fsl_clock.c:406:6:CLOCK_SetClkDiv	24	static
../drivers/fsl_clock.c:438:10:CLOCK_GetFreq	24	static
../drivers/fsl_clock.c:460:10:CLOCK_GetFFroFreq	8	static
../drivers/fsl_clock.c:468:10:CLOCK_GetSFroFreq	8	static
../drivers/fsl_clock.c:476:10:CLOCK_GetAvPllCh1Freq	24	static
../drivers/fsl_clock.c:498:10:CLOCK_GetAvPllCh2Freq	24	static
../drivers/fsl_clock.c:517:17:CLOCK_GetMainPllClkFreq	8	static
../drivers/fsl_clock.c:522:17:CLOCK_GetAux0PllClkFreq	8	static
../drivers/fsl_clock.c:527:17:CLOCK_GetAux1PllClkFreq	8	static
../drivers/fsl_clock.c:532:17:CLOCK_GetAudioPllClkFreq	8	static
../drivers/fsl_clock.c:541:10:CLOCK_GetMainClkFreq	16	static
../drivers/fsl_clock.c:592:10:CLOCK_GetCoreSysClkFreq	8	static
../drivers/fsl_clock.c:600:10:CLOCK_GetSystickClkFreq	16	static
../drivers/fsl_clock.c:634:10:CLOCK_GetFRGClock	80	static
../drivers/fsl_clock.c:690:6:CLOCK_SetFRGClock	24	static
../drivers/fsl_clock.c:716:10:CLOCK_GetDmicClkFreq	16	static
../drivers/fsl_clock.c:761:10:CLOCK_GetLcdClkFreq	16	static
../drivers/fsl_clock.c:794:10:CLOCK_GetWdtClkFreq	16	static
../drivers/fsl_clock.c:819:10:CLOCK_GetMclkClkFreq	16	static
../drivers/fsl_clock.c:844:10:CLOCK_GetSctClkFreq	16	static
../drivers/fsl_clock.c:886:10:CLOCK_GetFlexCommClkFreq	24	static
../drivers/fsl_clock.c:938:10:CLOCK_GetCTimerClkFreq	24	static
../drivers/fsl_clock.c:981:10:CLOCK_GetUtickClkFreq	16	static
../drivers/fsl_clock.c:1006:10:CLOCK_GetFlexspiClkFreq	16	static
../drivers/fsl_clock.c:1051:10:CLOCK_GetUsimClkFreq	16	static
../drivers/fsl_clock.c:1080:10:CLOCK_GetGauClkFreq	16	static
../drivers/fsl_clock.c:1109:10:CLOCK_GetOSTimerClkFreq	16	static
../drivers/fsl_clock.c:1142:6:CLOCK_EnableXtal32K	16	static
../drivers/fsl_clock.c:1163:6:CLOCK_EnableRtc32K	16	static
../drivers/fsl_clock.c:1175:17:CLOCK_CfgTcpuRefClk	24	static
../drivers/fsl_clock.c:1221:10:CLOCK_InitTcpuRefClk	24	static
../drivers/fsl_clock.c:1246:6:CLOCK_DeinitTcpuRefClk	8	static
../drivers/fsl_clock.c:1264:6:CLOCK_InitTddrRefClk	16	static
../drivers/fsl_clock.c:1286:6:CLOCK_DeinitTddrRefClk	8	static
../drivers/fsl_clock.c:1304:6:CLOCK_InitT3RefClk	16	static
../drivers/fsl_clock.c:1330:6:CLOCK_DeinitT3RefClk	8	static
../drivers/fsl_clock.c:1345:13:CLOCK_ConfigAvPll	40	static
../drivers/fsl_clock.c:1382:13:CLOCK_ConfigAvPllCh1	16	static
../drivers/fsl_clock.c:1397:13:CLOCK_ConfigAvPllCh2	16	static
../drivers/fsl_clock.c:1409:13:CLOCK_PowerUpAnaGrp	16	static
../drivers/fsl_clock.c:1420:13:CLOCK_PowerDownAnaGrp	16	static
../drivers/fsl_clock.c:1435:6:CLOCK_EnableAvPllCh	24	static
../drivers/fsl_clock.c:1523:6:CLOCK_DisableAvPllCh	16	static
../drivers/fsl_clock.c:1545:6:CLOCK_InitAvPll	16	static
../drivers/fsl_clock.c:1580:6:CLOCK_DeinitAvPll	8	static
../drivers/fsl_clock.c:1606:6:CLOCK_ConfigAvPllCh	24	static
../drivers/fsl_clock.c:1644:6:CLOCK_EnableUsbhsPhyClock	16	static
../drivers/fsl_clock.c:1683:6:CLOCK_DisableUsbhsPhyClock	16	static
