C:\Users\nxa16972\Documents\MCUXpressoIDE_24.12.148\workspace\frdmrw612_SmartLock_TCPandServo\CMSIS/core_cm33.h:2358:22:__NVIC_EnableIRQ	16	static
C:\Users\nxa16972\Documents\MCUXpressoIDE_24.12.148\workspace\frdmrw612_SmartLock_TCPandServo\CMSIS/core_cm33.h:2396:22:__NVIC_DisableIRQ	16	static
../drivers/fsl_common_arm.h:667:24:EnableIRQ	24	static
../drivers/fsl_common_arm.h:717:24:DisableIRQ	24	static
../drivers/fsl_ctimer.h:473:24:CTIMER_GetStatusFlags	16	static
../drivers/fsl_ctimer.h:485:20:CTIMER_ClearStatusFlags	16	static
../drivers/fsl_ctimer.c:70:17:CTIMER_GetInstance	24	static
../drivers/fsl_ctimer.c:97:6:CTIMER_Init	16	static
../drivers/fsl_ctimer.c:133:6:CTIMER_Deinit	24	static
../drivers/fsl_ctimer.c:159:6:CTIMER_GetDefaultConfig	16	static
../drivers/fsl_ctimer.c:197:10:CTIMER_SetupPwm	136	static
../drivers/fsl_ctimer.c:306:10:CTIMER_SetupPwmPeriod	32	static
../drivers/fsl_ctimer.c:375:10:CTIMER_UpdatePwmDutycycle	72	static
../drivers/fsl_ctimer.c:421:6:CTIMER_SetupMatch	32	static
../drivers/fsl_ctimer.c:492:10:CTIMER_GetOutputMatchStatus	16	static
../drivers/fsl_ctimer.c:507:6:CTIMER_SetupCapture	24	static
../drivers/fsl_ctimer.c:539:6:CTIMER_RegisterCallBack	32	static
../drivers/fsl_ctimer.c:551:13:CTIMER_GenericIRQHandler	32	static
../drivers/fsl_ctimer.c:595:6:CTIMER0_DriverIRQHandler	8	static
../drivers/fsl_ctimer.c:604:6:CTIMER1_DriverIRQHandler	8	static
../drivers/fsl_ctimer.c:613:6:CTIMER2_DriverIRQHandler	8	static
../drivers/fsl_ctimer.c:622:6:CTIMER3_DriverIRQHandler	8	static
